CAZy Family	PPR Subfamily	Gene ID	Frequency	Hits	Signature Peptides
CE0	5	SRS883112|30|k99_9321_2	7.18	16	RGSDNE,ERGSDN,AAAIPI,AAIPIC,HGAGER,MGGMGT,GGMGTF,GAGERG,AGERGS,FAAAIP,AIPICG,GERGSD,SMGGMG,FLHGAG,IPICGG,LHGAGE
CE0	11	SRS883112|30|k99_17935_9	6.16	8	GLSMGG,IIDCGV,MGGHGA,IDCGVD,DCGVDD,CGVDDF,LSMGGH,SMGGHG
CE1	9	SRS883112|30|k99_17935_9	5.26	9	VYLLHG,GLSMGG,ERPGGH,MGGHGA,DIRPFP,PVVYLL,VVYLLH,LSMGGH,SMGGHG
CE2	8	SRS883112|30|k99_104480_3	5.01	7	IEFIGN,NSITCG,EFIGNS,GNSITC,FIGNSI,KIEFIG,IGNSIT
CE4	15	SRS883112|30|k99_112298_4	8.38	16	IIMWDV,IIVFHD,TFDDGP,DDGPIP,LTFDDG,FDDGPI,TFFCVG,VYLTFD,GSIIVF,ATFFCV,LFRPPH,IVFHDS,YLTFDD,SIIVFH,FRPPHG,KATFFC
CE4	81	SRS883112|30|k99_102349_9	32.7	43	GWHDAS,STNEPT,YVTTSA,CSNNLT,IWCSNN,WLFGCN,DYSTNE,ASTAGK,GGWHDA,QYVTTS,VTTSAN,EPTMDG,RYMRQQ,YQWYPF,NPWGTS,HYQWYP,WGLDWL,TNEPTM,DDMELA,GCNPWG,ARHYQW,LFGCNP,CNPWGT,RHYQWY,DWLFGC,TMDGTA,EPVTPW,FGCNPW,WHDASD,TTSANA,NEPTMD,YMRQQR,LVDGPV,GLVDGP,ADDRDH,MDGTAS,PTMDGT,YSTNEP,TSANAT,LQYVTT,GGLVDG,WCSNNL,DGTASL
CE11	3	SRS883112|30|k99_105574_5	11.6	21	IKGGDL,VEAMAQ,LPHRYP,LIKGGD,PFLLVD,KVVPGD,FQGHFP,EPARHK,MAQTGG,VVPGDT,RHKLLD,NEPARH,ARHKLL,NLIKGG,AMAQTG,EAMAQT,VMPGVL,PVMPGV,FFQGHF,PHRYPF,PARHKL
GH0	56	SRS883112|30|k99_16402_1	3.43	7	DYFYPY,DDYFYP,GYDPLA,YDPLAF,PGYDPL,DPGYDP,EAHKRG
GH0	56	SRS883112|30|k99_27450_4	3.2	7	DYFYPY,MDDYFY,DDYFYP,FGISPF,GISPFG,HLYIGQ,HMDDYF
GH0	56	SRS883112|30|k99_99808_1	3.1	6	PGYDPL,HAWFNP,DPGYDP,AWFNPY,EAHKRG,WFNPYR
GH2	1	SRS883112|30|k99_93956_5	7.52	15	MGVGGD,HAMGNS,ILCEYA,DEANIE,CEYAHA,AHAMGN,WDWVDQ,LCEYAH,EYAHAM,RPLILC,WSLGNE,LILCEY,YAHAMG,RPVQYE,PLILCE
GH2	7	SRS883112|30|k99_2438_1	6.64	16	GEFVWT,TGFDYL,FDYLGE,YLGEPT,HILPHW,GFDYLG,EFVWTG,VWTGFD,LGEPTP,GSETAS,DYLGEP,WTGFDY,GEPTPY,FVWTGF,ADGKDL,LPHWNW
GH2	7	SRS883112|30|k99_18764_4	2.82	6	TGFDYL,GFDYLG,FDYLGE,VWTGFD,WTGFDY,FVWTGF
GH2	10	SRS883112|30|k99_79106_4	38.5	43	HPENWQ,YNHPSI,PGGYAD,GAGASI,NAVRLA,EYGAGA,FVGPGG,WHPENW,VGPGGY,AVRLAH,AEIPFV,NRYDGW,SEYGAG,IAWNRY,YGAGAS,TWAEIP,VNAVRL,RYDGWY,LNFITD,NHPSIC,YDGWYG,WNRYDG,IAISEY,PENWQT,MYDLMD,AISEYG,GVNAVR,TTSASN,ASIYHQ,AWNRYD,PFVGPG,GLFNEL,MGVNAV,WWHPEN,VRLAHY,ISEYGA,IPFVGP,GASIYH,AGASIY,WAEIPF,EIPFVG,TSASNQ,WGLFNE
GH3	2	SRS883112|30|k99_28834_2	6.41	19	CGRNFE,LCGRNF,YFSEDP,PLCGRN,YGLSYT,LREIYL,PSGKLP,NPSGKL,ALREIY,VLLKND,FGYGLS,VNPSGK,EYFSED,RNFEYF,FEYFSE,GYGLSY,PFGYGL,NFEYFS,GRNFEY
GH3	10	SRS883112|30|k99_109000_4	7.93	18	KHFPGH,EWGLAM,HFPGHG,GLFSNA,AKHFPG,IFTDAL,GLAMRL,RRGLGF,WGLAMR,LIFTDA,DGEWGL,AGLFSN,FPGHGD,PGHGDT,LGFDKP,RGLGFD,GLIFTD,GLGFDK
GH3	24	SRS883112|30|k99_99777_6	6.07	9	YGLSYT,RDEWGF,LRDEWG,GYGLSY,FGYGLS,LKPFEM,YLKPFE,IYLKPF,EIYLKP
GH3	34	SRS883112|30|k99_77078_2	6.77	10	NPSGKL,YPFGFG,PSGKLP,FGFGLS,PFGFGL,FGLSYT,GEDPFL,GLSYTT,GYRGYD,GFGLSY
GH3	50	SRS883112|30|k99_15445_3	17.6	38	PGVNIY,TPLNGR,GVNIYR,EIYLPA,VAACVK,VNIYRT,YEIYLP,PSGKLP,NPSGKL,NGVAAC,LGPGVN,RNFEYM,NFEYMG,RTPLNG,GPGVNI,PLNGRN,LTCLAA,IYRTPL,KHYALN,NGRNFE,IYLPAF,NIYRTP,ALNNQE,AACVKH,YALNNQ,YRTPLN,LYEIYL,YLPAFK,HYALNN,ALTCLA,GEDPYL,GRNFEY,FEYMGE,LNGRNF,GVAACV,EYMGED,YMGEDP,PALTCL
GH5	37	SRS883112|30|k99_98237_4	5.01	7	WAAGPW,GLMNEP,YWAAGP,YGLMNE,LMNEPH,AAGPWW,LDLHNY
GH5	46	SRS883112|30|k99_9790_6	12.7	35	PIFVSE,FYAATH,LVGSPH,GSPHWD,VSECAG,ETCSML,DKNETC,DPDNII,LWPRFY,PDNIIL,YAATHK,WHNLWP,SDKNET,KNETCS,PHWDQD,HNLWPR,GWHNLW,IFVSEC,LHFYAA,VIIDWH,WPRFYN,YVIIDW,VGSPHW,ECAGME,IILVGS,HFYAAT,MYTLHF,SECAGM,NLWPRF,TLHFYA,ILVGSP,YTLHFY,SPHWDQ,DNIILV,NIILVG
GH9	10	SRS883112|30|k99_102349_9	27.9	43	TMDGTA,WCSNNL,YQWYPF,YMRQQR,LFGCNP,TSANAT,IWCSNN,GCNPWG,NPWGTS,RQQRCG,CSNNLT,RHYQWY,NEPTMD,EPVTPW,GLVDGP,YSTNEP,TTSANA,MDGTAS,YVTTSA,EPTMDG,GGLVDG,WHDASD,PWGTSM,FGCNPW,MRQQRC,DDMELA,ADDRDH,HYQWYP,TNEPTM,DYSTNE,DGTASL,LQYVTT,ARHYQW,DWLFGC,GWHDAS,GGWHDA,CNPWGT,PTMDGT,LVDGPV,WLFGCN,WGLDWL,KWGLDW,STNEPT
GH13	19	SRS883112|30|k99_90615_19	9.23	11	WLDKGV,GTMEDF,FWLDKG,LRFWLD,MEDFDR,YPRSFK,PRSFKD,EDFDRL,TMEDFD,RFWLDK,YYLHYF
GH13	23	SRS883112|30|k99_95861_5	24.7	37	PEWIDF,GHPEWI,GYLNFM,HKMIRL,FRFDGV,GVTSML,NFMGNE,FDGFRF,GFRFDG,LHKMIR,EWIDFP,FDGVTS,RFDGVT,FGHPEW,VGDKTI,HPEWID,SHDQAL,ALVGDK,ALHKMI,ESHDQA,NEFGHP,LVGDKT,FMGNEF,HDQALV,LNFMGN,GNEFGH,DQALVG,DGVTSM,QALVGD,WIDFPR,YAESHD,EFGHPE,MGNEFG,YLNFMG,DGFRFD,VTSMLY,AESHDQ
GH13	72	SRS883112|30|k99_52761_1	5.87	7	WYETVK,VPVEFW,DWYETV,PNHVAR,VPNHVA,AGSPYA,MVPVEF
GH13	72	SRS883112|30|k99_490_8	4.33	6	NHDEQR,LENHDE,FLENHD,RTTIFD,TTIFDY,ENHDEQ
GH13	77	SRS883112|30|k99_47936_5	8.84	27	LLTTRG,LTTRGI,PQIYYG,NFNIVG,YYGTEI,MPDLNQ,RHGGDL,FLDNHD,MDMIFN,SYHGYA,YLIMPD,VMDMIF,SMPDLN,TTRGIP,QNSIWW,MPDRFA,IMPDRF,GTEILM,YGTEIL,PNFNIV,VDPRFG,ARHGGD,FNIVGE,YPNFNI,TRGIPQ,EYPNFN,LIMPDR
GH15	3	SRS883112|30|k99_103503_3	3.19	7	WDYRFC,AALTTS,TTSLPE,RNWDYR,CWLRDA,NWDYRF,DYRFCW
GH16	29	SRS883112|30|k99_53717_1	3.67	8	MERLNH,WSKIPR,NDTAPY,FTYPRI,ERLNHD,TFTYPR,GAWPAI,AWPAIW
GH20	1	SRS883112|30|k99_84168_2	11.1	27	WRIEIK,VMSWRG,LHLTDD,KLNVLH,DQGWRI,TDDQGW,EILEGG,GGDECP,DEILEG,QTLRQL,HLTDDQ,QGWRIE,GWDEIL,GWRIEI,DDQGWR,YIHIGG,TLRQLL,WDEILE,GDECPK,PEIEMP,HIGGDE,IGWDEI,IHIGGD,LDVARH,LHLHLT,LTDDQG,HLHLTD
GH20	1	SRS883112|30|k99_23522_5	7.54	18	YIHIGG,TVMSWR,WHLTDD,TDDQGW,LDVARH,IHIGGD,ATVMSW,DVARHF,HWHLTD,GGDECP,HIGGDE,DDQGWR,EIKKYP,LTDDQG,HLTDDQ,GDECPK,GGFYTQ,VMSWRG
GH20	1	SRS883112|30|k99_84945_1	7.06	15	GWRIEI,EIKKYP,WHLTDD,WRIEIK,DDQGWR,IEIKKY,HLTDDQ,DQGWRI,FHWHLT,QGWRIE,PEIEMP,HWHLTD,TDDQGW,RIEIKK,LTDDQG
GH20	1	SRS883112|30|k99_99777_7	6.89	19	GDECPK,FHWHLT,EGGLAP,ILEGGL,WHLTDD,TVMSWR,VMSWRG,HIGGDE,DEILEG,LEGGLA,IGWDEI,ATVMSW,WDEILE,EIKKYP,EILEGG,HWHLTD,IEIKKY,GGDECP,GWDEIL
GH20	1	SRS883112|30|k99_43329_1	5.97	12	GWRIEI,QTLRQL,HLTDDQ,DDQGWR,QGWRIE,WHLTDD,FHWHLT,DQGWRI,TDDQGW,LTDDQG,HWHLTD,PEIEMP
GH20	4	SRS883112|30|k99_51524_1	4.33	12	AIKAME,AAIKAM,RAAIKA,GHARAA,RLEIPG,KAMEAR,PGHARA,IKAMEA,ARAAIK,VIPEIE,WRLEIP,HARAAI
GH20	22	SRS883112|30|k99_985_2	31.6	35	LLMGVQ,RSMYNI,CAGNDS,PQWFEP,IRYQGP,WTEFCN,FGNNTL,LACPVV,WDELTN,GWDELT,YIHLGG,GFFYAL,IHLGGD,RPDVEI,NTLKDV,HLGGDE,FFYALQ,GNNTLK,GNDSVF,DDNGWR,YQGPQW,NNTLKD,YFGNNT,IGVLPG,AALKAA,LMGVQA,PRFGYR,AGNDSV,TLKDVY,QGPQWF,GPQWFE,RYQGPQ,LGGDEA,ARSMYN,TYFGNN
GH20	27	SRS883112|30|k99_23522_6	8.43	15	IEMPGH,YIHIGG,IHIGGD,KYPRLT,VMSWRG,HWHLTD,GGYYTQ,IGGDEA,PEIEMP,FYGLQT,EMPGHS,YPELSC,HIGGDE,IPEIEM,EIEMPG
GH20	44	SRS883112|30|k99_62299_1	6.14	11	PRIAAY,VFPRIA,FPRIAA,AIAAYP,IHIGGD,IGGDEV,RIAAYA,IAAYAE,AAIAAY,VQFWKG,HIGGDE
GH27	2	SRS883112|30|k99_63228_4	8.33	14	MGWNSW,SPGPAP,FRSPLM,GIHIMR,IMRGIP,PMGWNS,SLSPGP,IHIMRG,PPMGWN,LSPGPA,LSLSPG,VLSLSP,HIMRGI,DADMLP
GH29	1	SRS883112|30|k99_92924_3	17.9	36	FCLWPT,VSIRPG,HDGFCL,TTIGYK,YLSPWD,SPWDRN,PGWFYH,AKHHDG,IRPGWF,DGFCLW,TAKHHD,GKGDVV,GEGPNG,RPGWFY,ILTAKH,VYLSPW,SIRPGW,EGPNGK,LTAKHH,KHHDGF,VWFDGA,EVWFDG,GEFSNI,DVRWVG,GVYLSP,TIGYKR,FGVYLS,KFGVYL,HHDGFC,LLNIPP,RWVGNE,LLLNIP,DVSIRP,QLTELL,GFCLWP,LSPWDR
GH31	18	SRS883112|30|k99_48529_5	17.0	32	KDQFML,QYNTWI,QFSVAP,LGFKVM,YNTWIE,LMPMMQ,GFKVML,KFDAGD,DGFKFD,PMMQFS,FKVMLW,YGIDGF,FSVAPW,MMQFSV,CPDMIG,MQFSVA,MIDDNW,PDMIGG,GFKFDA,MPMMQF,FKFDAG,DMIGGG,ALMPMM,APWRIL,WNGYSA,NTWIEL,WWNGYS,GIDGFK,SVAPWR,DQFMLG,IDGFKF,PQYNTW
GH31	23	SRS883112|30|k99_50018_7	39.4	55	WLDWQQ,RPMYYD,NHRYQI,YFMAYG,ASNVLY,WWSRYW,VLVVDM,HRYQIG,YHRWGG,YYDYPE,VDFWWL,GYWSHD,VDMDWH,YWWSRY,RWGGLG,RYQIGF,HDIGGH,GGLGNH,VVDMDW,WSHDIG,PYIYTM,FGYWWS,VLYGYW,SNVLYG,HRWGGL,DWYFMA,GLGNHR,GYWWSR,QIGFSG,QGVDFW,LYGYWS,YQIGFS,YWSHDI,LNLHPA,FWWLDW,LDVLVV,QDWYFM,SHDIGG,TLNLHP,MYYDYP,PMYYDY,WWLDWQ,DFWWLD,YIYTMA,IGFSGD,GNHRYQ,IPLDVL,CRPMYY,PLDVLV,IYTMAR,GVDFWW,NVLYGY,LGNHRY,WGGLGN,YGYWSH
GH31	28	SRS883112|30|k99_77078_4	10.7	27	ATWTGD,QRYAAT,LYQSHP,GGEVTG,NDMNEP,AFGILF,DIGGFL,WMDIDY,IALERR,IWMDID,KLWNTD,ALERRY,YRIFTF,LGLSGQ,YGGGEV,FGILFD,DMNEPA,GGGEVT,WNDMNE,TLGLSG,DGVWND,RLYQSH,RYAATW,AATWTG,YQSHPW,TWTGDN,YAATWT
GH33	12	SRS883112|30|k99_98991_4	40.2	68	GTLLGV,QVKDPS,FLLQGP,LLQGPG,SVDLQE,NMRDNR,PGLVTT,EPGVLM,LQGPGR,IKASLD,DDGKTW,NRGGSR,LLFSNP,TLLGVY,GVRHAG,FRIPGL,TIKASL,LGVYDV,NGVGDP,HMTFQA,YDVRYN,THGMGN,VCMASL,MLNMRD,RIPGLV,LLGVYD,AWTHGM,GGSRAV,SVAHMT,QGPGRG,RGGSRA,RDNRGG,IPGLVT,GVLMLN,GDPSIL,DGTLVF,RSTDGG,NTTEAQ,PGVLML,GVYDVR,QNGVGD,DLGKTW,AHMTFQ,VGLSRS,ESSVAH,GPGRGI,VAAWTH,DNRGGS,WTHGMG,YESSVA,DVGLSR,GILYES,VKDPSW,VAHMTF,SSVAHM,TTEAQV,VLMLNM,MRDNRG,DGKTWS,VYDVRY,AAWTHG,LNMRDN,GTLVFP,SRSTDG,PVCMAS,LMLNMR,CMASLI,ILYESS
GH33	28	SRS883112|30|k99_69601_2	6.73	7	PTEAEW,YRLPTE,LPTEAE,AEWEYA,RLPTEA,EAEWEY,TEAEWE
GH36	5	SRS883112|30|k99_9154_1	11.2	24	SELYEK,NPKVQD,NPKSEL,DLSNPK,EMVNPK,KVQDFV,LSNPKV,PEMVNP,FLLDDG,VNPKSE,KSELYE,PKSELY,MVNPKS,TLLNNW,LLNNWE,EKHPDW,EPEMVN,SNPKVQ,ELYEKH,LDDGWF,AGLGDW,LLDDGW,LDLSNP,PKVQDF
GH36	9	SRS883112|30|k99_18764_2	8.23	16	RIACDA,DTEYTL,DGENRA,RRIACD,GSVEHD,IACDAW,SRRIAC,FGWNSW,GENRAR,VPFDND,PFGWNS,DPTHPA,IKIDFL,YLYANG,LYANGK,TEYTLN
GH36	18	SRS883112|30|k99_84220_2	9.29	11	SDYGGG,PRLVSL,WCAWGY,SSWQVR,CAWGYE,DGQHLN,TKFTWP,DHVELS,GDHVEL,AWGYER,HVELSD
GH51	12	SRS883112|30|k99_19835_2	6.56	12	RWPGGC,LQFCED,DGGLYA,PLKYVE,ALDAIE,DALDAI,LDAIEY,PGGCIV,GGLYAE,QDALDA,PFPLKY,DAIEYA
GH57	7	SRS883112|30|k99_17965_2	10.0	12	DHYYYD,RYRFFD,LGWKSP,RFFDIG,YRFFDI,ALEQLE,HYYYDD,KRYRFF,AFTNYM,LKRYRF,TEGAKH,FTNYMN
GH73	4	SRS883112|30|k99_66300_1	8.29	15	TLAQGL,NNHFGI,LAQGLL,ITLAQG,GLLESG,ASITLA,PASITL,HFGIKC,AQGLLE,SITLAQ,LESGAG,QGLLES,FGIKCH,NHFGIK,SNNHFG
GH76	7	SRS883112|30|k99_87050_4	9.79	16	DRFYDD,TCSNAP,YDDNIW,AYNSGQ,SDRFYD,KNTCSN,RFYDDN,IYWCEQ,GIYWCE,KWLLTQ,YWCEQK,SGQMMQ,YNSGQM,WCEQKK,NTCSNA,NSGQMM
GH76	7	SRS883112|30|k99_77078_5	5.33	8	CSNAPA,SGQMMQ,SKNTCS,KNTCSN,TCSNAP,YNSGQM,NTCSNA,NSGQMM
GH77	5	SRS883112|30|k99_46745_2	25.2	49	VHGLLG,ERINIP,CGEDLG,QNWGFP,RIDHIL,GFPTYN,AYRIDH,WGFPTY,FPTYNW,GDIPIG,EIQRMP,DHILGF,VCGEDL,FFRIWE,QAGAPP,LSLEIQ,PVFSLR,MLVCGE,IQRMPK,AGAPPD,WRYRMH,GEDLGM,NWGFPT,YWRYRM,LVCGED,GAPPDD,LKGDIP,RIWEIP,DLGMIP,LGFFRI,SLEIQR,YFDAYR,PTYNWE,PPDDFS,IDHILG,HYWRYR,HILGFF,DSYPYN,GFFRIW,LEIQRM,YRIDHI,EDLGMI,ILGFFR,FRIWEI,GQNWGF,ILSLEI,RYRMHL,APPDDF,KGDIPI
GH78	4	SRS883112|30|k99_77783_1	4.47	10	PTRSDC,SDCHAW,SPNIEF,PEPTRS,NIEFFR,TRSDCH,EPTRSD,DCHAWG,PNIEFF,RSDCHA
GH78	6	SRS883112|30|k99_1410_2	27.8	38	NGWYNH,FNYKGF,NYKGFQ,AGLYEL,YPTDCP,GNGWYN,PFQTDI,IYTAEH,TAEHYD,TYPSWG,YKGFQY,GWTGDA,SIYTAE,NSIYTA,EKNGWT,REKNGW,AEHYDA,DPFQTD,NHIMFG,FNSIYT,TDCPQR,GYPTDC,WGLGDW,EHYDAR,NGATTL,DCPQRE,KNGWTG,CPQREK,QREKNG,LGNGWY,GFQYVE,NGWTGD,MFGEIG,PTDCPQ,PQREKN,GWYNHQ,WYNHQS,YTAEHY
GH84	7	SRS883112|30|k99_78225_1	26.1	33	ISGEGT,FVWAIH,PKDDPY,RGVVEG,HPGQDI,RLPYPE,WAIHPG,NWRLPY,GPKDDP,GEGTNP,YGTPWS,RIKRPA,GTPWSH,WRLPYP,EGFYGT,DFVWAI,VVEGFY,VEGFYG,VWAIHP,DDPYHS,VDFVWA,SGEGTN,KDDPYH,DISGEG,PNWRLP,FFDDIS,GFYGTP,YGPKDD,AIHPGQ,FYGTPW,GVVEGF,FDDISG,DDISGE
GH85	8	SRS883112|30|k99_66766_2	4.78	7	GVQDYL,PTWRWW,FNLGNG,VAHKNG,DVAHKN,AHKNGV,WYDGTN
GH85	10	SRS883112|30|k99_14670_1	9.13	16	VPTYRW,IGVRSV,DHFEIL,EVGRTS,FEILYK,IGLRVK,GVRSVS,CLWGEH,NIDHFE,ILYKNG,VSEVGR,LYKNGE,PTYRWL,GSWYNM,IDHFEI,HFEILY
GH85	10	SRS883112|30|k99_17210_1	4.13	7	DGINYN,DAAHKN,FSMWNY,SMWNYT,AAHKNG,DLMLNY,QAPGSW
GH89	1	SRS883112|30|k99_12095_2	4.41	9	RMRELG,ERWEKE,KEIDWM,EIDWMA,WEKEID,IDWMAL,EKEIDW,RWEKEI,WERWEK
GH89	3	SRS883112|30|k99_86979_9	15.6	34	MPLAIT,FLNYCT,PAFAGH,QMTWMF,WMALNG,PVLPAF,LPWHRM,TDHIYG,RFFLNY,PLAITG,LGNFGG,LAITGQ,AFAGHV,YIWCYL,GNFGGN,DWMALN,SYFTGP,GSTLEG,NMPLAI,FAGHVP,FGTDHI,LPAFAG,CYLGNF,GTDHIY,YLGNFG,VLPAFA,PFNEVD,WCYLGN,IDWMAL,AITGQE,FFLNYC,IWCYLG,NFGGNT,DPFNEV
GH89	5	SRS883112|30|k99_99777_5	5.14	6	MGNLEG,GFYGMV,WLMGNL,WWLMGN,AWWLMG,PFHEGG
GH92	1	SRS883112|30|k99_23522_4	11.1	28	GQYAHG,HGNEPS,HLSGTG,NEDCGQ,CGQMSA,QMSAWY,GNEPSH,MSAWYV,HTHLSG,SHTHLS,FYTALY,GNEDCG,AHGNEP,QYAHGN,FSHTHL,GFSHTH,NEPSHH,YAHGNE,IGQYAH,GQMSAW,GHTFPG,EDCGQM,THLSGT,WDTFRA,GLIGQY,RALHPL,DCGQMS,YTALYH
GH92	1	SRS883112|30|k99_53645_1	7.01	16	GQYAHG,YTEGNA,QYAHGN,GQMSAW,CGQMSA,NEPSHH,TEGNAW,HGNEPS,YAHGNE,EGNAWQ,EPSHHV,DCGQMS,AHGNEP,IGQYAH,QMSAWY,GNEPSH
GH92	1	SRS883112|30|k99_82352_3	6.51	17	WDTYRA,LGFYPV,AHGNEP,EDCGQM,SLWDTY,QYAHGN,LWDTYR,GLIGQY,YTALYH,FYTALY,FSLWDT,GQYAHG,YAHGNE,GNEDCG,IGQYAH,NEDCGQ,DCGQMS
GH92	1	SRS883112|30|k99_84849_17	6.15	21	TLEYAY,QTSAWY,QTHQPS,AHGNQP,QYAHGN,GFWDTF,RTLEYA,YAHGNQ,SALGFY,THQPSP,LGFYPV,DEDNGQ,DNGQTS,HQPSPW,ALGFYP,GQYAHG,GQTSAW,FWDTFR,GDEDNG,EDNGQT,NGQTSA
GH92	5	SRS883112|30|k99_75673_1	24.1	39	LLLMPT,GCPELG,DPANEP,SHALEY,GVGCPE,GVSFVS,SGVGCP,PGFHEG,RYTVFS,ANEPDI,PNILQD,YTALYH,TVFSLW,PFNVMG,WWSTPY,IHPNIL,HVNLSG,ILLNLG,HALEYY,HPNILQ,NSVSHA,YTVFSL,YVNPFI,DNSVSH,VSHALE,VFSLWD,VNPFIG,VGCPEL,SVSHAL,LSGVGC,PANEPD,NPFIGT,NLSGVG,FSLWDT,VNLSGV,SHVNLS,GTTNPG,FYTALY,TTNPGA
GH92	6	SRS883112|30|k99_43329_5	3.54	6	GLPGND,GENPLW,TGENPL,GNDDSG,LPGNDD,PGNDDS
GH95	1	SRS883112|30|k99_21738_1	3.57	8	LLISSS,RYLLIS,YLLISS,FGRYLL,QFGRYL,PANLQG,LISSSR,GRYLLI
GH97	1	SRS883112|30|k99_50507_1	11.9	23	MDYTPG,LPFTRL,AALVDY,ILPFTR,DYTPGI,GGPMDY,PMDYTP,TPYPDF,VLVEGW,GPMDYT,TILPFT,YTPGIF,MHHETS,GDYDTQ,YIDFAA,DYDTQE,LVEGWN,GVWWEM,LNLNEP,HEAALV,VWWEMI,EAALVD,PYPDFD
GH97	1	SRS883112|30|k99_49743_2	5.47	10	FQFIKD,LQMAAD,DAFQFI,PLQMAA,MAADLP,SPLQMA,QFIKDV,AFQFIK,QMAADL,AADLPE
GH97	2	SRS883112|30|k99_46285_4	11.9	30	AWDWWN,SWIKPG,KPGKVA,YKYYID,AGPMDY,VAWDWW,KVAWDW,GIKGFK,PGKVAW,MSQGTR,IKPGKV,SQGTRC,TYKYYI,RAYDDG,DFMDRD,GPMDYT,GFKVDF,YIDFAA,FMDRDD,YYIDFA,KVDFMD,KYYIDF,VDFMDR,GKVAWD,KGFKVD,PMSQGT,MDRDDQ,WIKPGK,ILDEGW,GAMRNA
GH109	1	SRS883112|30|k99_9712_3	8.56	24	DFTRGA,GGHGGM,PTHGLG,LDQDVY,ENCCYD,VGGHGG,DVYDAA,LENCCY,RNGLPL,THGLGP,CLRNGL,QGVFGE,YCLRNG,EGAYIH,YDFFEL,DQDVYD,FTRGAW,YPTHGL,NGLPLD,LRNGLP,PDFTRG,HGGMDF,GHGGMD,IPDFTR
GH109	1	SRS883112|30|k99_31988_1	8.29	22	GLPLDM,GLGPVA,GGHGGM,PLDMDV,PTHGLG,ENCCYD,LDMDVY,VGGHGG,DVYDAA,LENCCY,THGLGP,EGAYIH,LPLDMD,YPTHGL,NGLPLD,HGLGPV,PDFTRG,HGGMDF,GHGGMD,IPDFTR,DMDVYD,IHRGDR
GH123	1	SRS883112|30|k99_36405_4	4.35	8	LRWAYN,INCYSM,DYTVFD,FHLDLW,HLDLWQ,ADAGQK,LDLWQN,QINCYS
GH125	1	SRS883112|30|k99_84849_19	11.6	20	IDSLCY,ANVPSL,IDPYAN,RPSDDA,DSLCYP,YANAFN,AMWLRD,PYANAF,DDANVP,SLCYPI,VPSLLA,NVPSLL,MWLRDS,EIDSLC,MDDANV,PNTLDT,DPYANA,NTLDTT,FRPSDD,DANVPS
GH130	1	SRS883112|30|k99_75813_3	18.1	32	RPSDSG,LPFNRN,SRPSDS,RNGVLF,GHTPFG,GVFRCD,YGAADT,FNRNGV,NSIFNS,IFNSAV,NRNGVL,TPFGDI,YYGAAD,SNSIFN,SGHTPF,AGVFRC,PFNRNG,LSRPSD,GDVPNV,SAVVPF,NGVLFP,HTPFGD,SDSGHT,FAGVFR,FNSAVV,TWCNGY,NSAVVP,KIGAGP,FPCAAL,SIFNSA,DSGHTP,PSDSGH
GH130	2	SRS883112|30|k99_13623_2	28.1	39	QQRNVV,DRKSFF,YYASSD,EDGWIY,LHPEFV,KSFFAV,YTRPQD,LAHGVR,AGLRYV,GDVSNV,VVLHPE,YDMRLT,WERLPD,ASSDTR,RPQDGF,TRPQDG,SFFAVA,AAGLRY,WLHLAH,NVVLHP,PQDGFI,VLHPEF,QRNVVL,GLRYVL,FAVAES,RKSFFA,RNVVLH,GWLHLA,LRYVLY,HLAHGV,LHLAHG,YHTIKE,YASSDT,HEDGWI,IYYASS,ERLPDL,GGGIGW,DGWIYG,FFAVAE
GH130	19	SRS883112|30|k99_19874_1	6.87	8	DDRDVI,VILFPE,ILFPEK,DRDVIL,DVILFP,LFPEKI,LDDRDV,RDVILF
GH133	3	SRS883112|30|k99_17965_4	23.3	35	KKGESI,YRVGGV,EDLYVP,ELLTPK,VDCNTR,SPNGHK,VIQHGA,FDGNPP,HKYIRE,YVPGYF,DLYVPG,VPGYFE,RPFLAF,GRGAIS,NLGLHK,WSVRPN,KYIREF,AGYPWF,PFLAFR,ELFDGN,DWSVRP,LYVPGY,DCNTRK,DGNPPF,FRPFLA,NGHKYI,LGLHKY,LAGYPW,LFDGNP,PNGHKY,FNLGLH,GHKYIR,LLTPKG,SVRPNM,TVIQHG
GT2	18	SRS883112|30|k99_100954_5	6.22	13	GDFRLI,DPPEVI,LQDPPE,FSRNFG,DLQDPP,DFRLID,FVNDGS,SRNFGH,RNFGHQ,PPEVIP,TGDFRL,QDPPEV,DTGDFR
GT2	24	SRS883112|30|k99_111814_5	16.8	38	GLGTAY,DNSPDG,DDNSPD,EVPIIF,LGTAYI,YAFQIE,NSPDGT,TYNEKE,AGFVCY,ADFSHN,FEMDAD,VNVVNW,MDADFS,EMDADF,MSYFAS,GYAFQI,SYFASK,AIGSRY,IGSRYV,DTTAGF,IFEMDA,YFASKY,ASKYVR,DADFSH,TAGFVC,FASKYV,PTYNEK,DFSHNP,QIEMKF,IPTYNE,YNEKEN,YIFEMD,NVVNWP,GVNVVN,NEKENI,FQIEMK,VVNWPM,AFQIEM
GT2	28	SRS883112|30|k99_106649_5	24.8	43	VSGWKK,FLAGFL,PDEIPE,DSPDEI,FNCGLK,GWKKKR,ESLPEL,DFNCGL,AGFLGE,LVSGWK,MDADLQ,EIPELY,HQARKY,ADLQDS,RRNYGK,WKKKRY,VVITMD,NCGLKA,TMDADL,RNYGKS,DLQDSP,LHDFNC,KKKRYD,SPDEIP,DADLQD,YDLVSG,LQDSPD,DLVSGW,CGLKAY,VITMDA,ITMDAD,GYDLVS,HDFNCG,GTQLFL,SGWKKK,QDSPDE,MHRYIP,DEIPEL,QLFLAG,LFLAGF,QARKYG,LAKNAG,PMHFFG
GT2	57	SRS883112|30|k99_111814_16	10.0	19	IFWASG,LNSDVE,CRGRIF,EYAGAA,ILNWNG,AAGGFI,FWASGA,VLLNSD,YAGAAG,LLNSDV,AGGFID,FCRGRI,GAAGGF,AGAAGG,YPFCRG,FEYAGA,PFCRGR,GYPFCR,AACQPK
GT2	57	SRS883112|30|k99_11634_9	4.27	8	EEIDLC,YLNFRN,EIDLCW,IDLCWR,KTYLNF,NFRNNL,TYLNFR,LNFRNN
GT2	81	SRS883112|30|k99_24567_2	9.04	20	IVEDGS,CFGGPD,YHKRRI,GPDAAH,YSMTSF,LTTGGI,VYNRPD,IIPVYN,GGPDAA,YNRPDE,IPVYNR,GIRGGK,GGIRGG,QKAINY,FGGPDA,VYHKRR,TGGIRG,PVYNRP,TTGGIR,NRPDEV
GT2	116	SRS883112|30|k99_104189_9	2.72	7	GRYIAF,RGRYIA,DDCSTD,ARGRYI,EARGRY,ITPSYN,TPSYNS
GT2	123	SRS883112|30|k99_70529_1	8.04	18	LPESKR,LNPDTV,YVLLLN,EDIDLS,RGFPTP,PESKRG,LLNPDT,DIDLSY,FMYGED,MYGEDI,FLPESK,GEDIDL,YGEDID,LLLNPD,KRGFPT,VLLLNP,FFMYGE,IDLSYR
GT2	212	SRS883112|30|k99_45725_2	3.46	7	DDLFIN,GDDDLF,LGIKAA,DDDLFI,ALTLGI,TLGIKA,LTLGIK
GT3	2	SRS883112|30|k99_33743_1	8.17	10	PWGYTP,YTPLES,YYEPWG,SYYEPW,YEPWGY,FPSYYE,GYTPLE,EPWGYT,PSYYEP,WGYTPL
GT4	88	SRS883112|30|k99_106735_4	5.7	8	HEGLPI,VGRFVE,SDIPAN,RFVEEK,FVEEKG,AVGRFV,GRFVEE,VSDIPA
GT4	117	SRS883112|30|k99_54007_2	13.3	27	VVTIHD,CLEEAG,FEGFGI,FDAKRA,TGSCLE,VVYQGC,LEEAGG,GLGNYS,VTIHDL,GFDAKR,DLIFLR,IGFDAK,IEERKN,LGNYSR,GNYSRF,HDLIFL,EERKNL,GSCLEE,TIHDLI,GFGIPI,SCLEEA,LSNELP,IHDLIF,GLSNEL,TGLGNY,EGFGIP,HGLSNE
GT4	141	SRS883112|30|k99_17965_3	39.5	63	FVEAAA,MPSVSE,SPLEAM,AGSGDM,TVHNAV,VRFVMA,IHVHAT,GISPLE,ISPLEA,GRITMQ,HVHATD,DWLTYP,RITMQK,SEPFGI,PFGISP,LGRITM,VSGKPL,SKQSGC,FVMAGS,SVSEPF,EPFGIS,GGLGTA,MAGSGD,MFGWEF,YVMPSV,SDVYVM,TDFDRS,WEFPPH,VYVMPS,PEYFVE,FGWEFP,ITMQKG,VMAGSG,ATDFDR,HATDFD,EYFVEA,LTYPAG,FGISPL,WLTYPA,PSVSEP,VMPSVS,LMFGWE,FDRSRG,HDWLTY,MQKGPE,PLEAMQ,TMQKGP,VSEPFG,TFLGRI,GPEYFV,ISKQSG,IISKQS,YFVEAA,KGPEYF,VHATDF,EFPPHI,FLGRIT,VTFLGR,QKGPEY,DVYVMP,GWEFPP,RFVMAG,FHFTGF
GT4	170	SRS883112|30|k99_91753_9	4.81	12	LGVSGC,VNIDGL,GVSGCL,NIDGLE,LILGVS,VSGCLF,YGGFET,GCLFLP,SGCLFL,ILGVSG,GGFETL,QSIPYD
GT5	9	SRS883112|30|k99_4771_3	14.4	24	GMNLII,RMQVYF,QLHEVI,HPLIIK,LHEVIR,SGMNLI,NINERR,YFIDND,EVIRLS,GNINER,QVYFID,ETVKKL,LSGMNL,VYFIDN,VIRLSG,HEVIRL,IRLSGM,IIKVAS,MQVYFI,PLIIKV,LIIKVA,IKVASI,RLSGMN,DHPLII
GT9	12	SRS883112|30|k99_89968_9	6.92	22	AVADLH,GATHPY,HLASLV,SVWGAT,DAVADL,SANMHL,MDSANM,MHLASL,IDAVAD,DSANMH,ANMHLA,PCSVFG,SMDSAN,CRPCSV,VVSVWG,GDVAMT,WGATHP,VWGATH,MISMDS,NMHLAS,RPCSVF,VSVWGA
GT19	24	SRS883112|30|k99_110219_5	10.6	20	FGGDLM,YPGFNL,ALLAGS,DYPGFN,TATLET,SGDLHA,LHASNL,GTATLE,DLHASN,VSLVNL,SGTATL,ATLETA,TLETAL,LLAGSR,YYISPK,GDLHAS,SILPFE,MKYYLI,TSGTAT,SLVNLI
GT20	9	SRS883112|30|k99_103503_2	16.7	20	DYDGTL,SEMAGA,LILSEM,ILSEMA,LDYSKG,DYSKGI,EGGLAT,DGMNLV,GLATGL,WIGWPG,SEGGLA,VLILSE,LSEMAG,RLDYSK,LDYDGT,GGLATG,DRLDYS,GVLILS,HIPFPS,RDGMNL
GT28	21	SRS883112|30|k99_8064_8	8.97	16	SGGGTG,HIFPAI,MEMEKV,GTGGHI,TGNPVR,EMEKVP,GGTGGH,GGHIFP,DHQTKN,GHIFPA,EDHQTK,HQTKNA,GGGTGG,AEDHQT,TGGHIF,GGSLGA
GT30	4	SRS883112|30|k99_41055_2	13.6	27	LLSSIY,GYEVRK,DTRFDR,TFFSPS,LLTFFS,IKYEFW,FIKYEF,PSGYEV,PVIFGP,YVGGGF,GLLSSI,SPSGYE,GEFEQG,FEQGRP,ILLTFF,EFEQGR,SGYEVR,TRFDRV,EQGRPL,LGEFEQ,SLGEFE,FSPSGY,FFSPSG,CYLPFD,AYVGGG,GDTRFD,LTFFSP
GT35	2	SRS883112|30|k99_33743_2	12.0	26	ARRFAT,SVLDGW,YSGGLG,GKAHPA,LGILAG,RRFATY,GILAGD,RFATYK,VLDGWW,SGGLGI,EASGTS,ATYKRA,VTNGVH,GFARRF,IYSGGL,KAHPAD,FARRFA,TPVPAG,GGLGIL,IGFARR,HTPVPA,LEASGT,NEGHAA,GLGILA,FATYKR,ASGTSG
GT51	79	SRS883112|30|k99_73903_7	7.43	8	QQLAKL,TQQLAK,STITQQ,GGKTGT,ITQQLA,GGSTIT,GSTITQ,TITQQL
GT83	30	SRS883112|30|k99_100954_6	11.4	17	KGEPRE,EVHRAA,REAIVA,AYKPPF,TLTKGP,RVDMVL,DIAYKP,SRLPSA,EPREAI,GEPREA,IAYKPP,FEVHRA,LTKGPV,VDMVLT,TKGPVG,PREAIV,TKGEPR
CBM48	62	SRS883112|30|k99_64896_4	9.72	15	GERIPA,LLIYEC,LIYECH,REWAPN,ECHIGM,ERIPAW,PLLIYE,HIGMAQ,FREWAP,WVFREW,CHIGMA,YECHIG,EWAPNA,IYECHI,VFREWA
CBM50	265	SRS883112|30|k99_66300_1	4.04	7	KNLYKM,LKNLYK,NLYKMN,YGIRLK,RLKNLY,GIRLKN,IRLKNL
