3	TC	1	null	CGC1	SRS883112|30|k99_490	1533	3086	SRS883112|30|k99_490_4	-	DB=gnl|TC-DB|Q57079|3.B.1.1.2;ID=SRS883112|30|k99_490_4	DB=gnl|TC-DB|Q57079|3.B.1.1.2;ID=SRS883112|30|k99_490_4
4	null	null	null	CGC1	SRS883112|30|k99_490	3091	3504	SRS883112|30|k99_490_5	-	;ID=SRS883112|30|k99_490_5
5	TC	1	1	CGC1	SRS883112|30|k99_490	3852	5762	SRS883112|30|k99_490_6	+	DB=gnl|TC-DB|P0A6Y8|1.A.33.1.2;ID=SRS883112|30|k99_490_6	DB=gnl|TC-DB|P0A6Y8|1.A.33.1.2;ID=SRS883112|30|k99_490_6
6	null	null	null	CGC1	SRS883112|30|k99_490	6127	7065	SRS883112|30|k99_490_7	-	;ID=SRS883112|30|k99_490_7
7	CAZyme	null	1	CGC1	SRS883112|30|k99_490	7144	7932	SRS883112|30|k99_490_8	-	DB=GH13|GH13_38;ID=SRS883112|30|k99_490_8	DB=GH13|GH13_38;ID=SRS883112|30|k99_490_8
+++++
1	CAZyme	2	null	CGC2	SRS883112|30|k99_985	578	2905	SRS883112|30|k99_985_2	-	DB=GH20;ID=SRS883112|30|k99_985_2	DB=GH20;ID=SRS883112|30|k99_985_2
2	null	null	null	CGC2	SRS883112|30|k99_985	2918	4483	SRS883112|30|k99_985_3	-	;ID=SRS883112|30|k99_985_3
3	null	null	null	CGC2	SRS883112|30|k99_985	4642	6477	SRS883112|30|k99_985_4	-	;ID=SRS883112|30|k99_985_4
4	TC	0	2	CGC2	SRS883112|30|k99_985	6491	9697	SRS883112|30|k99_985_5	-	DB=gnl|TC-DB|Q45780|1.B.14.6.1;ID=SRS883112|30|k99_985_5	DB=gnl|TC-DB|Q45780|1.B.14.6.1;ID=SRS883112|30|k99_985_5
5	CAZyme	null	0	CGC2	SRS883112|30|k99_985	9718	12270	SRS883112|30|k99_985_6	-	DB=GH0|GH18;ID=SRS883112|30|k99_985_6	DB=GH0|GH18;ID=SRS883112|30|k99_985_6
+++++
5	TC	2	null	CGC3	SRS883112|30|k99_6006	6315	8180	SRS883112|30|k99_6006_6	-	DB=gnl|TC-DB|G3XCT7|2.A.1.25.5;ID=SRS883112|30|k99_6006_6	DB=gnl|TC-DB|G3XCT7|2.A.1.25.5;ID=SRS883112|30|k99_6006_6
6	null	null	null	CGC3	SRS883112|30|k99_6006	8191	9495	SRS883112|30|k99_6006_7	-	;ID=SRS883112|30|k99_6006_7
7	null	null	null	CGC3	SRS883112|30|k99_6006	9502	10476	SRS883112|30|k99_6006_8	-	;ID=SRS883112|30|k99_6006_8
8	CAZyme	null	2	CGC3	SRS883112|30|k99_6006	10437	11588	SRS883112|30|k99_6006_9	-	DB=GT2|GT2_Glycos_transf_2;ID=SRS883112|30|k99_6006_9	DB=GT2|GT2_Glycos_transf_2;ID=SRS883112|30|k99_6006_9
+++++
7	CAZyme	0	null	CGC4	SRS883112|30|k99_8064	7522	8634	SRS883112|30|k99_8064_8	-	DB=GT28;ID=SRS883112|30|k99_8064_8	DB=GT28;ID=SRS883112|30|k99_8064_8
8	TC	1	0	CGC4	SRS883112|30|k99_8064	8642	9925	SRS883112|30|k99_8064_9	-	DB=gnl|TC-DB|X2BJI2|2.A.103.1.4;ID=SRS883112|30|k99_8064_9	DB=gnl|TC-DB|X2BJI2|2.A.103.1.4;ID=SRS883112|30|k99_8064_9
9	null	null	null	CGC4	SRS883112|30|k99_8064	9937	11280	SRS883112|30|k99_8064_10	-	;ID=SRS883112|30|k99_8064_10
10	TC	null	1	CGC4	SRS883112|30|k99_8064	11294	12559	SRS883112|30|k99_8064_11	-	DB=gnl|TC-DB|P0A6W3|9.B.146.1.6;ID=SRS883112|30|k99_8064_11	DB=gnl|TC-DB|P0A6W3|9.B.146.1.6;ID=SRS883112|30|k99_8064_11
+++++
0	CAZyme	0	null	CGC5	SRS883112|30|k99_9154	2	1492	SRS883112|30|k99_9154_1	-	DB=GH36;ID=SRS883112|30|k99_9154_1	DB=GH36;ID=SRS883112|30|k99_9154_1
1	TC	null	0	CGC5	SRS883112|30|k99_9154	1513	2907	SRS883112|30|k99_9154_2	-	DB=gnl|TC-DB|P0AGF4|2.A.1.1.3;ID=SRS883112|30|k99_9154_2	DB=gnl|TC-DB|P0AGF4|2.A.1.1.3;ID=SRS883112|30|k99_9154_2
+++++
2	TC	1	null	CGC6	SRS883112|30|k99_9790	2512	3750	SRS883112|30|k99_9790_3	-	DB=gnl|TC-DB|Q45780|1.B.14.6.1;ID=SRS883112|30|k99_9790_3	DB=gnl|TC-DB|Q45780|1.B.14.6.1;ID=SRS883112|30|k99_9790_3
3	null	null	null	CGC6	SRS883112|30|k99_9790	3873	4178	SRS883112|30|k99_9790_4	+	;ID=SRS883112|30|k99_9790_4
4	TC	0	1	CGC6	SRS883112|30|k99_9790	4117	5751	SRS883112|30|k99_9790_5	-	DB=gnl|TC-DB|Q45780|1.B.14.6.1;ID=SRS883112|30|k99_9790_5	DB=gnl|TC-DB|Q45780|1.B.14.6.1;ID=SRS883112|30|k99_9790_5
5	CAZyme	null	0	CGC6	SRS883112|30|k99_9790	5789	6784	SRS883112|30|k99_9790_6	-	DB=GH5_2|GH5;ID=SRS883112|30|k99_9790_6	DB=GH5_2|GH5;ID=SRS883112|30|k99_9790_6
+++++
0	TC	0	null	CGC7	SRS883112|30|k99_13623	2	1243	SRS883112|30|k99_13623_1	-	DB=gnl|TC-DB|A1S5F2|2.A.2.3.6;ID=SRS883112|30|k99_13623_1	DB=gnl|TC-DB|A1S5F2|2.A.2.3.6;ID=SRS883112|30|k99_13623_1
1	CAZyme	0	0	CGC7	SRS883112|30|k99_13623	1250	2413	SRS883112|30|k99_13623_2	-	DB=GH130;ID=SRS883112|30|k99_13623_2	DB=GH130;ID=SRS883112|30|k99_13623_2
2	CAZyme	null	0	CGC7	SRS883112|30|k99_13623	2447	3508	SRS883112|30|k99_13623_3	-	DB=GH140;ID=SRS883112|30|k99_13623_3	DB=GH140;ID=SRS883112|30|k99_13623_3
+++++
0	CAZyme	0	null	CGC8	SRS883112|30|k99_17210	2	928	SRS883112|30|k99_17210_1	-	DB=GH85;ID=SRS883112|30|k99_17210_1	DB=GH85;ID=SRS883112|30|k99_17210_1
1	TC	null	0	CGC8	SRS883112|30|k99_17210	1021	2391	SRS883112|30|k99_17210_2	-	DB=gnl|TC-DB|Q8A0N7|8.A.46.2.2;ID=SRS883112|30|k99_17210_2	DB=gnl|TC-DB|Q8A0N7|8.A.46.2.2;ID=SRS883112|30|k99_17210_2
+++++
0	CAZyme	0	null	CGC9	SRS883112|30|k99_19874	3	653	SRS883112|30|k99_19874_1	+	DB=GH130;ID=SRS883112|30|k99_19874_1	DB=GH130;ID=SRS883112|30|k99_19874_1
1	TC	1	0	CGC9	SRS883112|30|k99_19874	662	2302	SRS883112|30|k99_19874_2	+	DB=gnl|TC-DB|Q8AAV7|2.A.21.3.19;ID=SRS883112|30|k99_19874_2	DB=gnl|TC-DB|Q8AAV7|2.A.21.3.19;ID=SRS883112|30|k99_19874_2
2	null	null	null	CGC9	SRS883112|30|k99_19874	2335	3651	SRS883112|30|k99_19874_3	+	;ID=SRS883112|30|k99_19874_3
3	TC	null	1	CGC9	SRS883112|30|k99_19874	4050	4580	SRS883112|30|k99_19874_4	+	DB=gnl|TC-DB|Q93TH9|1.B.14.6.2;ID=SRS883112|30|k99_19874_4	DB=gnl|TC-DB|Q93TH9|1.B.14.6.2;ID=SRS883112|30|k99_19874_4
+++++
0	CAZyme	1	null	CGC10	SRS883112|30|k99_21738	3	1451	SRS883112|30|k99_21738_1	-	DB=GH95;ID=SRS883112|30|k99_21738_1	DB=GH95;ID=SRS883112|30|k99_21738_1
1	null	null	null	CGC10	SRS883112|30|k99_21738	1502	3088	SRS883112|30|k99_21738_2	-	;ID=SRS883112|30|k99_21738_2
2	TC	0	1	CGC10	SRS883112|30|k99_21738	3452	4813	SRS883112|30|k99_21738_3	-	DB=gnl|TC-DB|Q6VV67|2.A.6.2.23;ID=SRS883112|30|k99_21738_3	DB=gnl|TC-DB|Q6VV67|2.A.6.2.23;ID=SRS883112|30|k99_21738_3
3	TC	null	0	CGC10	SRS883112|30|k99_21738	4831	7569	SRS883112|30|k99_21738_4	-	DB=gnl|TC-DB|Q8RTE4|2.A.6.2.22;ID=SRS883112|30|k99_21738_4	DB=gnl|TC-DB|Q8RTE4|2.A.6.2.22;ID=SRS883112|30|k99_21738_4
+++++
1	TC	1	null	CGC11	SRS883112|30|k99_36405	735	4136	SRS883112|30|k99_36405_2	+	DB=gnl|TC-DB|Q45780|1.B.14.6.1;ID=SRS883112|30|k99_36405_2	DB=gnl|TC-DB|Q45780|1.B.14.6.1;ID=SRS883112|30|k99_36405_2
2	null	null	null	CGC11	SRS883112|30|k99_36405	4150	5682	SRS883112|30|k99_36405_3	+	;ID=SRS883112|30|k99_36405_3
3	CAZyme	null	1	CGC11	SRS883112|30|k99_36405	5669	7762	SRS883112|30|k99_36405_4	+	DB=GH123;ID=SRS883112|30|k99_36405_4	DB=GH123;ID=SRS883112|30|k99_36405_4
+++++
3	CAZyme	1	null	CGC12	SRS883112|30|k99_46285	2946	4961	SRS883112|30|k99_46285_4	+	DB=GH97;ID=SRS883112|30|k99_46285_4	DB=GH97;ID=SRS883112|30|k99_46285_4
4	null	null	null	CGC12	SRS883112|30|k99_46285	5027	5728	SRS883112|30|k99_46285_5	-	;ID=SRS883112|30|k99_46285_5
5	TC	null	1	CGC12	SRS883112|30|k99_46285	6206	7195	SRS883112|30|k99_46285_6	-	DB=gnl|TC-DB|Q1LHU8|2.A.4.7.9;ID=SRS883112|30|k99_46285_6	DB=gnl|TC-DB|Q1LHU8|2.A.4.7.9;ID=SRS883112|30|k99_46285_6
+++++
0	CAZyme	0	null	CGC13	SRS883112|30|k99_53717	3	698	SRS883112|30|k99_53717_1	-	DB=GH16;ID=SRS883112|30|k99_53717_1	DB=GH16;ID=SRS883112|30|k99_53717_1
1	TC	null	0	CGC13	SRS883112|30|k99_53717	1191	3737	SRS883112|30|k99_53717_2	-	DB=gnl|TC-DB|I3YT95|1.B.14.6.14;ID=SRS883112|30|k99_53717_2	DB=gnl|TC-DB|I3YT95|1.B.14.6.14;ID=SRS883112|30|k99_53717_2
+++++
0	TC	0	null	CGC14	SRS883112|30|k99_54007	79	927	SRS883112|30|k99_54007_1	-	DB=gnl|TC-DB|F9VN10|3.D.10.1.4;ID=SRS883112|30|k99_54007_1	DB=gnl|TC-DB|F9VN10|3.D.10.1.4;ID=SRS883112|30|k99_54007_1
1	CAZyme	null	0	CGC14	SRS883112|30|k99_54007	1351	2559	SRS883112|30|k99_54007_2	+	DB=GT4;ID=SRS883112|30|k99_54007_2	DB=GT4;ID=SRS883112|30|k99_54007_2
+++++
1	CAZyme	2	null	CGC15	SRS883112|30|k99_59586	298	2985	SRS883112|30|k99_59586_2	-	DB=CBM35;ID=SRS883112|30|k99_59586_2	DB=CBM35;ID=SRS883112|30|k99_59586_2
2	null	null	null	CGC15	SRS883112|30|k99_59586	3001	4107	SRS883112|30|k99_59586_3	-	;ID=SRS883112|30|k99_59586_3
3	null	null	null	CGC15	SRS883112|30|k99_59586	4137	7322	SRS883112|30|k99_59586_4	-	;ID=SRS883112|30|k99_59586_4
4	TC	0	2	CGC15	SRS883112|30|k99_59586	7395	8930	SRS883112|30|k99_59586_5	-	DB=gnl|TC-DB|C6Y217|8.A.46.1.3;ID=SRS883112|30|k99_59586_5	DB=gnl|TC-DB|C6Y217|8.A.46.1.3;ID=SRS883112|30|k99_59586_5
5	TC	null	0	CGC15	SRS883112|30|k99_59586	8943	10403	SRS883112|30|k99_59586_6	-	DB=gnl|TC-DB|Q45780|1.B.14.6.1;ID=SRS883112|30|k99_59586_6	DB=gnl|TC-DB|Q45780|1.B.14.6.1;ID=SRS883112|30|k99_59586_6
+++++
0	CAZyme	0	null	CGC16	SRS883112|30|k99_62299	2	826	SRS883112|30|k99_62299_1	+	DB=GH20;ID=SRS883112|30|k99_62299_1	DB=GH20;ID=SRS883112|30|k99_62299_1
1	TC	null	0	CGC16	SRS883112|30|k99_62299	1018	4497	SRS883112|30|k99_62299_2	+	DB=gnl|TC-DB|Q45780|1.B.14.6.1;ID=SRS883112|30|k99_62299_2	DB=gnl|TC-DB|Q45780|1.B.14.6.1;ID=SRS883112|30|k99_62299_2
+++++
6	CAZyme	0	null	CGC17	SRS883112|30|k99_73903	3564	5927	SRS883112|30|k99_73903_7	+	DB=GT51;ID=SRS883112|30|k99_73903_7	DB=GT51;ID=SRS883112|30|k99_73903_7
7	TC	2	0	CGC17	SRS883112|30|k99_73903	5988	6581	SRS883112|30|k99_73903_8	-	DB=gnl|TC-DB|S0F499|2.A.124.1.2;ID=SRS883112|30|k99_73903_8	DB=gnl|TC-DB|S0F499|2.A.124.1.2;ID=SRS883112|30|k99_73903_8
8	null	null	null	CGC17	SRS883112|30|k99_73903	6578	6865	SRS883112|30|k99_73903_9	-	;ID=SRS883112|30|k99_73903_9
9	null	null	null	CGC17	SRS883112|30|k99_73903	6892	7620	SRS883112|30|k99_73903_10	-	;ID=SRS883112|30|k99_73903_10
10	TC	null	2	CGC17	SRS883112|30|k99_73903	7757	9613	SRS883112|30|k99_73903_11	+	DB=gnl|TC-DB|Q6A1F6|3.B.1.1.6;ID=SRS883112|30|k99_73903_11	DB=gnl|TC-DB|Q6A1F6|3.B.1.1.6;ID=SRS883112|30|k99_73903_11
+++++
0	TC	2	null	CGC18	SRS883112|30|k99_79106	1	312	SRS883112|30|k99_79106_1	-	DB=gnl|TC-DB|Q7PMK5|1.A.3.1.3;ID=SRS883112|30|k99_79106_1	DB=gnl|TC-DB|Q7PMK5|1.A.3.1.3;ID=SRS883112|30|k99_79106_1
1	null	null	null	CGC18	SRS883112|30|k99_79106	620	1993	SRS883112|30|k99_79106_2	-	;ID=SRS883112|30|k99_79106_2
2	null	null	null	CGC18	SRS883112|30|k99_79106	2110	2943	SRS883112|30|k99_79106_3	+	;ID=SRS883112|30|k99_79106_3
3	CAZyme	null	2	CGC18	SRS883112|30|k99_79106	2940	3764	SRS883112|30|k99_79106_4	+	DB=GH2;ID=SRS883112|30|k99_79106_4	DB=GH2;ID=SRS883112|30|k99_79106_4
+++++
1	CAZyme	0	null	CGC19	SRS883112|30|k99_84220	262	2310	SRS883112|30|k99_84220_2	+	DB=GH36;ID=SRS883112|30|k99_84220_2	DB=GH36;ID=SRS883112|30|k99_84220_2
2	TC	null	0	CGC19	SRS883112|30|k99_84220	2362	5577	SRS883112|30|k99_84220_3	+	DB=gnl|TC-DB|Q45780|1.B.14.6.1;ID=SRS883112|30|k99_84220_3	DB=gnl|TC-DB|Q45780|1.B.14.6.1;ID=SRS883112|30|k99_84220_3
+++++
13	TC	2	null	CGC20	SRS883112|30|k99_84849	16481	18166	SRS883112|30|k99_84849_14	-	DB=gnl|TC-DB|P43672|3.A.1.120.6;ID=SRS883112|30|k99_84849_14	DB=gnl|TC-DB|P43672|3.A.1.120.6;ID=SRS883112|30|k99_84849_14
14	null	null	null	CGC20	SRS883112|30|k99_84849	18196	18762	SRS883112|30|k99_84849_15	-	;ID=SRS883112|30|k99_84849_15
15	null	null	null	CGC20	SRS883112|30|k99_84849	18766	19221	SRS883112|30|k99_84849_16	-	;ID=SRS883112|30|k99_84849_16
16	CAZyme	1	2	CGC20	SRS883112|30|k99_84849	19471	21756	SRS883112|30|k99_84849_17	+	DB=GH92;ID=SRS883112|30|k99_84849_17	DB=GH92;ID=SRS883112|30|k99_84849_17
17	null	null	null	CGC20	SRS883112|30|k99_84849	21794	22732	SRS883112|30|k99_84849_18	+	;ID=SRS883112|30|k99_84849_18
18	CAZyme	0	1	CGC20	SRS883112|30|k99_84849	22808	24253	SRS883112|30|k99_84849_19	+	DB=GH125;ID=SRS883112|30|k99_84849_19	DB=GH125;ID=SRS883112|30|k99_84849_19
19	CAZyme	null	0	CGC20	SRS883112|30|k99_84849	24558	25841	SRS883112|30|k99_84849_20	-	DB=GH39;ID=SRS883112|30|k99_84849_20	DB=GH39;ID=SRS883112|30|k99_84849_20
+++++
0	CAZyme	0	null	CGC21	SRS883112|30|k99_84945	2	946	SRS883112|30|k99_84945_1	-	DB=GH20;ID=SRS883112|30|k99_84945_1	DB=GH20;ID=SRS883112|30|k99_84945_1
1	TC	null	0	CGC21	SRS883112|30|k99_84945	1065	3443	SRS883112|30|k99_84945_2	+	DB=gnl|TC-DB|A5ZGZ4|1.B.14.6.5;ID=SRS883112|30|k99_84945_2	DB=gnl|TC-DB|A5ZGZ4|1.B.14.6.5;ID=SRS883112|30|k99_84945_2
+++++
0	TC	1	null	CGC22	SRS883112|30|k99_97797	3	1028	SRS883112|30|k99_97797_1	-	DB=gnl|TC-DB|B3EE21|2.A.37.2.5;ID=SRS883112|30|k99_97797_1	DB=gnl|TC-DB|B3EE21|2.A.37.2.5;ID=SRS883112|30|k99_97797_1
1	null	null	null	CGC22	SRS883112|30|k99_97797	1343	2347	SRS883112|30|k99_97797_2	+	;ID=SRS883112|30|k99_97797_2
2	CAZyme	null	1	CGC22	SRS883112|30|k99_97797	2533	3645	SRS883112|30|k99_97797_3	-	DB=GH20;ID=SRS883112|30|k99_97797_3	DB=GH20;ID=SRS883112|30|k99_97797_3
+++++
3	CAZyme	1	null	CGC23	SRS883112|30|k99_98991	3182	4810	SRS883112|30|k99_98991_4	+	DB=GH33;ID=SRS883112|30|k99_98991_4	DB=GH33;ID=SRS883112|30|k99_98991_4
4	null	null	null	CGC23	SRS883112|30|k99_98991	4952	5410	SRS883112|30|k99_98991_5	+	;ID=SRS883112|30|k99_98991_5
5	TC	3	1	CGC23	SRS883112|30|k99_98991	5491	8079	SRS883112|30|k99_98991_6	-	DB=gnl|TC-DB|Q9FI56|3.A.9.1.2;ID=SRS883112|30|k99_98991_6	DB=gnl|TC-DB|Q9FI56|3.A.9.1.2;ID=SRS883112|30|k99_98991_6
+++++
2	TC	1	null	CGC24	SRS883112|30|k99_100954	2801	3433	SRS883112|30|k99_100954_3	+	DB=gnl|TC-DB|A0M015|1.A.62.2.1;ID=SRS883112|30|k99_100954_3	DB=gnl|TC-DB|A0M015|1.A.62.2.1;ID=SRS883112|30|k99_100954_3
3	null	null	null	CGC24	SRS883112|30|k99_100954	3443	3850	SRS883112|30|k99_100954_4	+	;ID=SRS883112|30|k99_100954_4
4	TC	0	1	CGC24	SRS883112|30|k99_100954	3863	4816	SRS883112|30|k99_100954_5	+	DB=gnl|TC-DB|Q55487|4.D.2.1.9;ID=SRS883112|30|k99_100954_5	DB=gnl|TC-DB|Q55487|4.D.2.1.9;ID=SRS883112|30|k99_100954_5
5	CAZyme	null	0	CGC24	SRS883112|30|k99_100954	4831	5436	SRS883112|30|k99_100954_6	+	DB=GT83;ID=SRS883112|30|k99_100954_6	DB=GT83;ID=SRS883112|30|k99_100954_6
+++++
3	TC	0	null	CGC25	SRS883112|30|k99_102349	4923	6665	SRS883112|30|k99_102349_4	-	DB=gnl|TC-DB|P17315|1.B.14.1.4;ID=SRS883112|30|k99_102349_4	DB=gnl|TC-DB|P17315|1.B.14.1.4;ID=SRS883112|30|k99_102349_4
4	TC	2	0	CGC25	SRS883112|30|k99_102349	6665	7225	SRS883112|30|k99_102349_5	-	DB=gnl|TC-DB|A5ZGZ4|1.B.14.6.5;ID=SRS883112|30|k99_102349_5	DB=gnl|TC-DB|A5ZGZ4|1.B.14.6.5;ID=SRS883112|30|k99_102349_5
5	null	null	null	CGC25	SRS883112|30|k99_102349	7315	7662	SRS883112|30|k99_102349_6	-	;ID=SRS883112|30|k99_102349_6
6	null	null	null	CGC25	SRS883112|30|k99_102349	7768	8412	SRS883112|30|k99_102349_7	-	;ID=SRS883112|30|k99_102349_7
7	TC	0	2	CGC25	SRS883112|30|k99_102349	8481	9893	SRS883112|30|k99_102349_8	-	DB=gnl|TC-DB|Q9WZS2|2.A.66.1.28;ID=SRS883112|30|k99_102349_8	DB=gnl|TC-DB|Q9WZS2|2.A.66.1.28;ID=SRS883112|30|k99_102349_8
8	CAZyme	null	0	CGC25	SRS883112|30|k99_102349	10007	12490	SRS883112|30|k99_102349_9	-	DB=CE4|GH9;ID=SRS883112|30|k99_102349_9	DB=CE4|GH9;ID=SRS883112|30|k99_102349_9
+++++
12	TC	2	7	CGC26	SRS883112|30|k99_111814	14918	16579	SRS883112|30|k99_111814_13	-	DB=gnl|TC-DB|Q42524|4.C.1.1.7;ID=SRS883112|30|k99_111814_13	DB=gnl|TC-DB|Q42524|4.C.1.1.7;ID=SRS883112|30|k99_111814_13
13	null	null	null	CGC26	SRS883112|30|k99_111814	16803	18119	SRS883112|30|k99_111814_14	+	;ID=SRS883112|30|k99_111814_14
14	null	null	null	CGC26	SRS883112|30|k99_111814	18129	19040	SRS883112|30|k99_111814_15	+	;ID=SRS883112|30|k99_111814_15
15	CAZyme	null	2	CGC26	SRS883112|30|k99_111814	19042	19572	SRS883112|30|k99_111814_16	+	DB=GT2|GT2_Glycos_transf_2;ID=SRS883112|30|k99_111814_16	DB=GT2|GT2_Glycos_transf_2;ID=SRS883112|30|k99_111814_16
+++++
