SRS883112|30|k99_519_4	6050|ECK120008623|AgaR	37.1	248	156	0	9	256	17	264	6.4e-43	165.2
SRS883112|30|k99_592_4	6045|ECK120007897|DgsA	26.2	271	192	2	62	329	125	390	3.1e-26	110.2
SRS883112|30|k99_1700_7	6045|ECK120007897|DgsA	26.3	224	155	3	65	284	146	363	8.5e-21	92.0
SRS883112|30|k99_12938_18	sp|Q06198|RPSH_PSEAE|AlgU|Sigma_70	30.8	169	109	3	20	180	19	187	1.2e-19	87.4
SRS883112|30|k99_13894_3	tr|Q5DYQ0|Q5DYQ0_VIBF1|SypG|NtrC/DctD	34.2	193	115	4	1	192	255	436	1.1e-24	104.8
SRS883112|30|k99_15533_2	tr|Q8DU28|Q8DU28_STRMU|CiaR|OmpR/PhoB	36.9	206	126	3	5	210	2	203	1.6e-32	130.6
SRS883112|30|k99_23347_1	5984|ECK120004705|DnaA	35.3	462	287	5	7	459	3	461	4.2e-82	296.2
SRS883112|30|k99_31409_2	tr|Q7MBU9|Q7MBU9_VIBVY|PutR|Lrp	43.2	148	84	0	33	180	6	153	6.6e-31	124.8
SRS883112|30|k99_45781_2	sp|B8CUX0|LEXA_SHEPW|LexA|LexA	41.9	124	69	3	2	125	63	183	6.7e-18	81.3
SRS883112|30|k99_52803_2	tr|Q74D24|Q74D24_GEOSL|PilR|NtrC/DctD	46.7	92	49	0	5	96	133	224	3.0e-20	88.6
SRS883112|30|k99_66606_1	P17893|AhrC	39.0	136	77	1	3	138	2	131	5.9e-23	98.2
SRS883112|30|k99_70757_1	tr|I6L8Z5|I6L8Z5_STRMU|CovR|OmpR/PhoB	35.5	124	77	1	322	445	4	124	3.1e-18	84.3
SRS883112|30|k99_79783_4	tr|Q9HV73|Q9HV73_PSEAE|CbrB|NtrC/DctD	40.4	401	222	2	1	388	1	397	7.3e-86	308.5
SRS883112|30|k99_95174_1	sp|P24255|RP54_ECOLI|RpoN|Sigma_54	33.7	412	236	8	80	489	100	476	2.8e-60	223.8
SRS883112|30|k99_100577_6	6050|ECK120008623|AgaR	35.9	251	159	1	5	253	16	266	4.0e-42	162.5
SRS883112|30|k99_102470_2	O05268|FNR	27.2	335	182	17	170	480	10	306	8.8e-14	69.3
SRS883112|30|k99_110959_1	G4NXL6|YwfK	31.3	259	175	1	6	264	6	261	3.6e-38	149.4
