SRS883112|30|k99_275_2	gnl|TC-DB|Q07711|3.A.7.7.1	30.2	255	161	6	31	270	6	258	8.2e-29	124.0
SRS883112|30|k99_490_4	gnl|TC-DB|Q57079|3.B.1.1.2	60.9	517	194	2	1	517	1	509	2.2e-181	631.7
SRS883112|30|k99_490_6	gnl|TC-DB|P0A6Y8|1.A.33.1.2	59.8	644	242	4	1	636	1	635	1.5e-206	715.7
SRS883112|30|k99_519_7	gnl|TC-DB|Q1DFM0|1.B.14.12.3	35.8	215	136	2	30	243	190	403	1.3e-28	123.2
SRS883112|30|k99_591_2	gnl|TC-DB|Q1CVG1|2.A.9.3.4	29.9	361	209	12	238	585	256	585	1.6e-24	110.9
SRS883112|30|k99_592_2	gnl|TC-DB|P0AGF4|2.A.1.1.3	36.6	494	261	11	4	463	3	478	6.7e-76	281.2
SRS883112|30|k99_945_3	gnl|TC-DB|Q83XH1|3.A.1.121.4	54.4	533	243	0	1	533	1	533	6.8e-181	630.2
SRS883112|30|k99_985_5	gnl|TC-DB|Q45780|1.B.14.6.1	30.1	1101	640	33	13	1068	23	1038	2.7e-112	403.3
SRS883112|30|k99_2389_1	gnl|TC-DB|P46333|2.A.1.1.106	36.9	471	273	6	1	470	1	448	4.3e-78	288.5
SRS883112|30|k99_2837_1	gnl|TC-DB|Q45780|1.B.14.6.1	32.1	730	419	21	121	817	40	725	1.2e-86	317.8
SRS883112|30|k99_3231_1	gnl|TC-DB|C3JBH1|1.B.9.4.3	29.3	569	349	15	1	535	5	554	7.0e-61	231.5
SRS883112|30|k99_3319_3	gnl|TC-DB|Q5EAK4|2.A.16.2.2	26.2	363	227	12	8	335	1354	1710	3.3e-25	113.2
SRS883112|30|k99_3468_1	gnl|TC-DB|Q9XIA9|4.C.1.1.14	27.9	251	154	6	5	233	413	658	2.7e-25	112.1
SRS883112|30|k99_4995_2	gnl|TC-DB|O00571|1.I.1.1.3	35.2	429	247	10	2	406	181	602	6.1e-58	221.5
SRS883112|30|k99_6006_6	gnl|TC-DB|G3XCT7|2.A.1.25.5	34.4	154	89	4	16	160	24	174	1.2e-11	68.2
SRS883112|30|k99_8064_9	gnl|TC-DB|X2BJI2|2.A.103.1.4	26.4	368	232	8	34	397	79	411	1.1e-11	67.8
SRS883112|30|k99_8064_11	gnl|TC-DB|P0A6W3|9.B.146.1.6	39.0	421	196	7	1	421	1	360	1.2e-68	256.9
SRS883112|30|k99_8711_1	gnl|TC-DB|E8PBU7|2.A.6.3.3	31.1	832	555	6	1	825	172	992	1.3e-112	404.1
SRS883112|30|k99_9004_2	gnl|TC-DB|Q57493|2.A.8.1.9	51.0	286	139	1	45	330	47	331	5.4e-67	251.1
SRS883112|30|k99_9050_3	gnl|TC-DB|P06129|1.B.14.3.1	23.6	619	389	24	44	625	28	599	8.5e-21	98.6
SRS883112|30|k99_9154_2	gnl|TC-DB|P0AGF4|2.A.1.1.3	37.0	489	264	6	1	459	1	475	4.1e-81	298.5
SRS883112|30|k99_9790_3	gnl|TC-DB|Q45780|1.B.14.6.1	26.6	440	262	16	2	410	627	1036	9.9e-31	131.0
SRS883112|30|k99_9790_5	gnl|TC-DB|Q45780|1.B.14.6.1	33.5	469	235	13	21	481	25	424	9.6e-58	221.1
SRS883112|30|k99_10103_3	gnl|TC-DB|Q8TSX9|3.D.6.1.3	33.8	160	97	2	1	156	5	159	2.2e-21	99.4
SRS883112|30|k99_10103_4	gnl|TC-DB|C4N8U0|3.D.6.1.2	43.9	442	239	5	4	443	7	441	6.6e-89	324.3
SRS883112|30|k99_10103_5	gnl|TC-DB|C4N8U1|3.D.6.1.2	43.3	233	119	6	1	229	4	227	3.1e-37	151.8
SRS883112|30|k99_11634_6	gnl|TC-DB|Q9R9Q4|3.A.1.1.17	29.5	241	146	9	2	238	4	224	7.2e-16	80.9
SRS883112|30|k99_11667_1	gnl|TC-DB|Q8J305|2.A.95.1.4	27.7	206	123	6	10	190	6	210	5.0e-12	67.8
SRS883112|30|k99_11695_1	gnl|TC-DB|Q51487|2.A.6.2.21	31.2	336	212	6	7	327	5	336	2.1e-37	152.9
SRS883112|30|k99_11695_2	gnl|TC-DB|Q8RTE4|2.A.6.2.22	40.2	1040	609	7	1	1029	1	1038	1.1e-216	750.0
SRS883112|30|k99_11695_3	gnl|TC-DB|Q9KWV5|2.A.6.2.10	36.4	132	83	1	23	153	230	361	2.4e-20	95.1
SRS883112|30|k99_12025_5	gnl|TC-DB|P25694|3.A.16.1.2	56.2	64	27	1	177	239	481	544	2.7e-12	68.9
SRS883112|30|k99_12938_6	gnl|TC-DB|O27840|2.A.107.1.2	42.0	188	104	1	1	188	1	183	1.0e-30	129.8
SRS883112|30|k99_12938_11	gnl|TC-DB|Q8A1G2|8.A.46.1.1	32.8	582	304	15	4	534	5	550	3.6e-73	272.3
SRS883112|30|k99_12938_12	gnl|TC-DB|Q45780|1.B.14.6.1	43.9	1034	502	19	7	983	26	1038	5.7e-234	807.4
SRS883112|30|k99_12938_19	gnl|TC-DB|B2UL32|2.A.5.5.5	57.2	269	108	1	30	291	2	270	4.0e-66	248.1
SRS883112|30|k99_12938_20	gnl|TC-DB|Q84HG2|1.B.14.8.6	27.4	340	234	10	22	355	23	355	5.1e-23	106.3
SRS883112|30|k99_13623_1	gnl|TC-DB|A1S5F2|2.A.2.3.6	37.3	407	235	3	4	410	2	388	2.4e-69	259.2
SRS883112|30|k99_14972_2	gnl|TC-DB|Q9ZK21|1.C.82.1.1	48.3	230	119	0	3	232	4	233	1.8e-58	222.2
SRS883112|30|k99_15099_7	gnl|TC-DB|Q56587|3.D.5.1.1	40.6	424	211	6	3	399	2	411	1.5e-79	293.1
SRS883112|30|k99_15099_8	gnl|TC-DB|Q56582|3.D.5.1.1	31.0	213	130	2	18	214	20	231	9.1e-29	123.6
SRS883112|30|k99_15099_9	gnl|TC-DB|Q57095|3.D.5.1.1	58.8	199	81	1	1	198	1	199	3.7e-58	221.1
SRS883112|30|k99_15099_10	gnl|TC-DB|Q56589|3.D.5.1.1	56.2	201	81	2	4	204	5	198	8.4e-55	209.9
SRS883112|30|k99_15099_11	gnl|TC-DB|Q56584|3.D.5.1.1	51.7	420	186	8	5	422	3	407	7.6e-111	397.1
SRS883112|30|k99_15490_2	gnl|TC-DB|P0AAC4|1.A.14.2.2	49.3	217	107	1	18	231	17	233	6.0e-49	190.7
SRS883112|30|k99_15490_4	gnl|TC-DB|A1JRS3|2.A.53.3.9	29.3	450	276	7	1	427	130	560	9.5e-40	161.0
SRS883112|30|k99_15533_9	gnl|TC-DB|Q6MMD5|9.B.18.2.1	37.7	183	101	3	13	184	393	573	5.3e-27	117.9
SRS883112|30|k99_16627_1	gnl|TC-DB|Q8A8X1|1.B.14.6.13	32.0	724	416	16	120	839	22	673	2.9e-93	339.7
SRS883112|30|k99_16627_2	gnl|TC-DB|Q8Y3G9|2.A.6.2.45	38.8	196	117	2	168	360	31	226	1.7e-26	116.7
SRS883112|30|k99_17210_2	gnl|TC-DB|Q8A0N7|8.A.46.2.2	30.2	440	258	14	24	449	129	533	1.2e-37	154.1
SRS883112|30|k99_17390_2	gnl|TC-DB|I7FD23|2.A.1.2.97	37.0	392	239	4	22	406	12	402	3.9e-54	208.8
SRS883112|30|k99_17914_2	gnl|TC-DB|Q2FD71|2.A.6.2.40	22.0	336	225	7	39	337	38	373	3.7e-15	79.0
SRS883112|30|k99_17914_3	gnl|TC-DB|A9CGX6|2.A.6.3.2	31.3	195	133	1	1	194	1	195	2.6e-29	125.2
SRS883112|30|k99_18572_4	gnl|TC-DB|L5DDD7|2.A.109.2.3	24.9	374	257	9	63	416	514	883	6.0e-23	105.1
SRS883112|30|k99_19874_2	gnl|TC-DB|Q8AAV7|2.A.21.3.19	28.6	570	359	11	10	546	9	563	1.9e-66	250.0
SRS883112|30|k99_19874_4	gnl|TC-DB|Q93TH9|1.B.14.6.2	34.7	173	108	4	5	173	10	181	1.4e-18	89.4
SRS883112|30|k99_21522_2	gnl|TC-DB|D9RR74|1.B.57.4.6	56.5	372	152	4	31	401	26	388	2.7e-118	421.8
SRS883112|30|k99_21738_3	gnl|TC-DB|Q6VV67|2.A.6.2.23	30.3	492	283	10	2	453	4	475	3.7e-39	159.1
SRS883112|30|k99_21738_4	gnl|TC-DB|Q8RTE4|2.A.6.2.22	37.8	917	551	9	1	910	136	1040	9.5e-167	583.9
SRS883112|30|k99_22610_1	gnl|TC-DB|Q45780|1.B.14.6.1	26.7	386	220	15	4	356	683	1038	3.0e-23	105.9
SRS883112|30|k99_24134_8	gnl|TC-DB|P0ABK2|3.D.4.3.2	27.5	386	244	13	12	381	11	376	1.1e-20	97.4
SRS883112|30|k99_24134_9	gnl|TC-DB|P0ABJ9|3.D.4.3.2	41.4	526	266	11	4	513	1	500	1.4e-103	373.2
SRS883112|30|k99_25873_2	gnl|TC-DB|Q64QT4|9.B.171.1.2	41.8	98	54	2	2	96	3	100	1.8e-15	78.2
SRS883112|30|k99_28033_1	gnl|TC-DB|Q1D6S7|2.A.6.1.9	41.5	176	103	0	1	176	1	176	3.3e-31	131.3
SRS883112|30|k99_28183_2	gnl|TC-DB|P23865|9.B.174.1.2	33.9	280	171	5	60	328	206	482	1.5e-34	144.1
SRS883112|30|k99_29119_2	gnl|TC-DB|C4N8U4|3.D.6.1.2	61.5	195	72	1	2	193	1	195	1.0e-57	219.5
SRS883112|30|k99_29119_3	gnl|TC-DB|C4N8U3|3.D.6.1.2	61.1	190	73	1	1	189	1	190	1.7e-57	218.8
SRS883112|30|k99_29810_1	gnl|TC-DB|D5ESR8|1.B.14.15.2	29.7	538	251	8	1	429	161	680	4.0e-67	251.9
SRS883112|30|k99_30167_1	gnl|TC-DB|D5CES3|2.A.7.1.10	39.4	104	60	1	9	112	2	102	3.0e-14	74.3
SRS883112|30|k99_30263_2	gnl|TC-DB|Q8VYR9|2.A.37.1.8	31.2	385	253	6	6	383	154	533	2.5e-32	137.1
SRS883112|30|k99_30549_6	gnl|TC-DB|Q2MGF9|3.A.1.15.14	27.0	256	182	2	7	258	12	266	2.7e-24	109.0
SRS883112|30|k99_30907_4	gnl|TC-DB|Q9VS47|2.A.1.53.5	29.7	283	180	4	145	421	147	416	8.5e-26	114.8
SRS883112|30|k99_30907_6	gnl|TC-DB|Q93TH9|1.B.14.6.2	25.7	265	158	6	292	526	4	259	2.8e-12	70.1
SRS883112|30|k99_30969_1	gnl|TC-DB|Q9I0Y8|2.A.6.2.16	45.0	678	360	2	3	668	4	680	1.5e-158	556.2
SRS883112|30|k99_30969_2	gnl|TC-DB|Q9HY86|2.A.6.2.34	33.0	339	221	4	25	363	35	367	2.2e-42	169.5
SRS883112|30|k99_31529_2	gnl|TC-DB|Q46G03|9.B.104.1.2	31.2	189	122	4	26	213	12	193	7.2e-15	77.8
SRS883112|30|k99_31529_5	gnl|TC-DB|B3EE21|2.A.37.2.5	34.2	392	239	5	1	376	342	730	2.2e-56	216.1
SRS883112|30|k99_32163_1	gnl|TC-DB|Q9HXN5|4.A.1.1.15	29.4	323	160	9	76	398	543	797	2.0e-23	106.7
SRS883112|30|k99_32989_2	gnl|TC-DB|P77735|8.A.5.1.6	35.0	283	174	6	49	330	43	316	3.2e-40	162.2
SRS883112|30|k99_33226_1	gnl|TC-DB|Q8KAA1|3.D.10.1.5	71.2	52	15	0	1	52	194	245	3.5e-16	79.7
SRS883112|30|k99_33248_5	gnl|TC-DB|Q8A8X1|1.B.14.6.13	50.0	140	68	1	176	315	14	151	1.9e-34	142.9
SRS883112|30|k99_34625_2	gnl|TC-DB|Q9PHZ4|1.A.43.1.11	39.8	113	65	3	12	122	11	122	3.5e-14	74.3
SRS883112|30|k99_34752_2	gnl|TC-DB|Q5SGW2|3.A.11.1.3	27.6	297	189	8	159	452	97	370	4.6e-12	69.7
SRS883112|30|k99_35027_3	gnl|TC-DB|L7WGX6|1.B.42.1.8	28.8	850	564	19	84	915	61	887	2.3e-96	350.1
SRS883112|30|k99_35809_1	gnl|TC-DB|Q5E733|2.A.21.3.7	25.2	349	225	8	8	341	12	339	2.6e-16	82.8
SRS883112|30|k99_36405_2	gnl|TC-DB|Q45780|1.B.14.6.1	31.6	1068	597	33	126	1133	44	1038	7.2e-132	468.4
SRS883112|30|k99_37787_1	gnl|TC-DB|Q8VRK4|3.A.11.1.3	37.0	189	108	3	1	189	154	331	2.3e-22	102.1
SRS883112|30|k99_37787_2	gnl|TC-DB|O07084|2.A.4.1.3	31.3	284	190	2	23	301	15	298	6.9e-40	161.0
SRS883112|30|k99_37947_1	gnl|TC-DB|A6L2M4|3.A.10.1.10	86.8	598	79	0	1	598	136	733	1.3e-278	954.9
SRS883112|30|k99_38387_8	gnl|TC-DB|P38919|3.A.18.1.1	32.1	358	240	3	3	359	39	394	6.3e-58	221.9
SRS883112|30|k99_38578_9	gnl|TC-DB|O32047|2.A.6.4.2	31.9	565	343	10	438	985	198	737	1.5e-64	244.6
SRS883112|30|k99_39049_2	gnl|TC-DB|E6X5M3|1.C.105.2.12	26.9	227	160	6	13	237	9	231	4.3e-18	90.1
SRS883112|30|k99_39176_2	gnl|TC-DB|P35839|1.A.16.2.1	40.3	273	145	5	2	259	4	273	4.8e-47	184.5
SRS883112|30|k99_39264_2	gnl|TC-DB|P0ABG7|2.A.103.1.2	41.5	195	102	2	272	462	160	346	1.3e-34	144.1
SRS883112|30|k99_39531_1	gnl|TC-DB|A1B8P0|3.A.2.1.7	64.7	408	118	4	1	408	1	382	5.6e-143	503.8
SRS883112|30|k99_39531_2	gnl|TC-DB|Q746T2|3.D.1.5.1	42.6	340	166	5	27	354	6	328	7.2e-70	260.8
SRS883112|30|k99_39531_3	gnl|TC-DB|Q74GA5|3.D.1.5.1	39.4	388	210	1	178	540	3	390	2.7e-84	309.3
SRS883112|30|k99_39531_4	gnl|TC-DB|P42026|3.D.1.6.1	55.3	152	67	1	26	177	58	208	3.8e-49	191.0
SRS883112|30|k99_39531_5	gnl|TC-DB|P56751|3.D.1.8.1	47.7	111	58	0	5	115	9	119	8.8e-25	109.4
SRS883112|30|k99_39894_1	gnl|TC-DB|Q5I6C7|9.A.25.1.1	41.4	953	475	23	1	920	534	1436	4.3e-191	664.8
SRS883112|30|k99_40761_4	gnl|TC-DB|P0A910|1.B.6.1.1	42.7	89	49	1	514	600	217	305	4.6e-14	76.3
SRS883112|30|k99_40919_3	gnl|TC-DB|P0AFF4|2.A.1.10.1	51.4	403	188	3	1	401	10	406	6.7e-112	400.6
SRS883112|30|k99_43091_1	gnl|TC-DB|P0AFZ7|2.A.38.1.1	36.1	441	276	5	3	440	45	482	6.2e-79	291.2
SRS883112|30|k99_44009_1	gnl|TC-DB|Q64U72|2.A.124.1.4	50.5	204	95	3	1	203	6	204	2.3e-49	191.8
SRS883112|30|k99_44360_3	gnl|TC-DB|Q6N6R6|2.A.79.2.2	23.6	246	183	4	4	246	14	257	1.3e-12	70.1
SRS883112|30|k99_44910_2	gnl|TC-DB|P39803|2.A.115.1.1	26.9	275	189	4	13	281	7	275	1.6e-22	103.2
SRS883112|30|k99_44910_3	gnl|TC-DB|B0RRI1|9.B.97.6.1	25.7	342	227	11	10	339	32	358	2.9e-15	79.3
SRS883112|30|k99_45531_1	gnl|TC-DB|A5FN22|8.A.3.3.4	30.1	428	282	9	18	431	331	755	6.7e-50	194.9
SRS883112|30|k99_45531_3	gnl|TC-DB|P60844|1.A.8.3.1	42.4	229	121	4	2	223	3	227	6.3e-43	170.6
SRS883112|30|k99_45793_4	gnl|TC-DB|Q9NTM9|9.B.158.1.1	40.3	236	140	1	5	239	29	264	3.9e-43	171.4
SRS883112|30|k99_46075_2	gnl|TC-DB|B0W0K4|2.A.23.2.11	31.7	161	108	2	230	389	292	451	1.8e-13	73.6
SRS883112|30|k99_46285_6	gnl|TC-DB|Q1LHU8|2.A.4.7.9	33.6	292	183	6	35	324	41	323	1.9e-45	179.5
SRS883112|30|k99_46467_3	gnl|TC-DB|D5ERW9|9.B.186.1.3	52.9	138	56	2	97	234	94	222	5.4e-29	124.4
SRS883112|30|k99_46800_2	gnl|TC-DB|Q45780|1.B.14.6.1	35.5	403	213	14	110	493	43	417	1.8e-50	197.2
SRS883112|30|k99_49706_1	gnl|TC-DB|Q8KAA0|3.D.10.1.5	64.5	425	125	1	2	426	248	646	6.4e-158	553.5
SRS883112|30|k99_49706_2	gnl|TC-DB|Q8KAA1|3.D.10.1.5	65.6	163	56	0	5	167	1	163	2.8e-64	241.1
SRS883112|30|k99_49775_4	gnl|TC-DB|Q9KRG9|2.A.6.2.38	24.6	1013	740	15	16	1017	30	1029	6.7e-76	282.3
SRS883112|30|k99_50018_1	gnl|TC-DB|Q45780|1.B.14.6.1	29.1	413	240	11	133	520	39	423	3.8e-43	172.6
SRS883112|30|k99_50033_7	gnl|TC-DB|G5SQC7|4.F.1.2.2	63.3	229	84	0	1	229	40	268	1.4e-85	312.4
SRS883112|30|k99_50447_8	gnl|TC-DB|T2K7C6|3.D.7.2.3	57.8	327	137	1	1	326	1	327	2.5e-117	418.3
SRS883112|30|k99_50999_1	gnl|TC-DB|P27125|2.A.7.6.1	32.3	201	125	4	10	207	140	332	4.1e-23	104.8
SRS883112|30|k99_50999_3	gnl|TC-DB|Q64QT4|9.B.171.1.2	47.6	145	63	3	10	152	8	141	1.2e-29	125.9
SRS883112|30|k99_51486_3	gnl|TC-DB|Q89ZY3|2.A.7.3.57	64.3	300	106	1	1	300	1	299	1.4e-103	372.5
SRS883112|30|k99_52045_1	gnl|TC-DB|Q8RTE4|2.A.6.2.22	43.2	118	67	0	6	123	44	161	5.9e-25	110.5
SRS883112|30|k99_52045_2	gnl|TC-DB|P37636|8.A.1.6.3	33.2	196	126	5	3	194	172	366	1.8e-17	85.9
SRS883112|30|k99_52250_3	gnl|TC-DB|F8CM01|1.A.13.4.1	29.0	328	211	8	4	314	19	341	4.5e-26	115.2
SRS883112|30|k99_52250_4	gnl|TC-DB|F8CM01|1.A.13.4.1	32.4	327	210	4	5	321	19	344	1.7e-44	176.4
SRS883112|30|k99_52254_2	gnl|TC-DB|Q8TZX5|2.A.66.1.45	25.0	400	281	6	11	399	6	397	2.7e-21	99.8
SRS883112|30|k99_52761_5	gnl|TC-DB|917585193|9.B.18.1.3	38.0	421	241	4	60	469	41	452	5.0e-79	291.6
SRS883112|30|k99_52761_6	gnl|TC-DB|P74477|2.A.49.6.1	23.4	569	400	11	34	593	25	566	2.2e-34	143.7
SRS883112|30|k99_52762_2	gnl|TC-DB|Q45780|1.B.14.6.1	31.8	702	392	16	117	787	35	680	1.3e-92	337.4
SRS883112|30|k99_52803_2	gnl|TC-DB|Q9KN48|3.A.23.1.1	40.5	79	47	0	15	93	193	271	1.8e-13	71.6
SRS883112|30|k99_52865_3	gnl|TC-DB|O30417|2.A.3.7.1	31.0	491	325	8	9	494	5	486	9.2e-55	211.1
SRS883112|30|k99_53024_2	gnl|TC-DB|Q9S3R8|1.B.6.1.6	34.7	357	210	9	47	393	36	379	2.7e-49	192.6
SRS883112|30|k99_53041_1	gnl|TC-DB|Q45780|1.B.14.6.1	32.6	438	260	9	7	439	23	430	5.9e-53	204.9
SRS883112|30|k99_53699_2	gnl|TC-DB|Q9ZKE4|3.A.11.3.1	32.3	532	334	10	311	841	89	595	1.1e-74	278.1
SRS883112|30|k99_53717_2	gnl|TC-DB|I3YT95|1.B.14.6.14	29.2	840	563	14	20	848	12	830	6.7e-98	355.1
SRS883112|30|k99_54007_1	gnl|TC-DB|F9VN10|3.D.10.1.4	31.8	274	167	5	5	274	6	263	4.4e-30	128.3
SRS883112|30|k99_54555_6	gnl|TC-DB|A0L4L0|3.A.1.132.3	42.1	254	135	4	99	350	89	332	1.1e-49	193.7
SRS883112|30|k99_55831_2	gnl|TC-DB|P75905|4.D.1.1.3	40.8	98	57	1	2	98	75	172	6.7e-14	74.7
SRS883112|30|k99_55831_3	gnl|TC-DB|P75905|4.D.1.1.3	37.8	98	60	1	3	99	75	172	2.1e-12	69.7
SRS883112|30|k99_56612_4	gnl|TC-DB|Q8ID54|3.A.25.2.1	35.5	211	126	3	3	205	88	296	2.3e-29	125.6
SRS883112|30|k99_58671_3	gnl|TC-DB|Q9SXJ7|3.A.9.1.2	45.2	851	417	7	1	836	114	930	3.0e-207	718.4
SRS883112|30|k99_58872_2	gnl|TC-DB|H9UM46|3.A.1.139.3	33.9	227	146	2	11	235	9	233	2.1e-23	105.9
SRS883112|30|k99_58872_3	gnl|TC-DB|A3ZI83|3.A.1.3.16	32.9	216	130	8	1	206	1	211	1.1e-22	103.2
SRS883112|30|k99_59216_8	gnl|TC-DB|Q4VWC7|3.A.1.105.4	25.2	345	254	2	23	366	29	370	3.0e-31	132.5
SRS883112|30|k99_59216_9	gnl|TC-DB|Q4VWC8|3.A.1.105.4	30.2	371	242	3	5	364	13	377	3.9e-39	158.7
SRS883112|30|k99_59216_10	gnl|TC-DB|P0A9U1|3.A.1.105.15	48.4	225	116	0	3	227	327	551	4.5e-63	237.7
SRS883112|30|k99_59216_11	gnl|TC-DB|P0A9U1|3.A.1.105.15	40.9	220	128	1	7	224	330	549	5.4e-50	194.5
SRS883112|30|k99_59216_12	gnl|TC-DB|Q4VWD0|3.A.1.105.4	31.8	132	87	2	167	297	200	329	3.8e-16	82.0
SRS883112|30|k99_59296_1	gnl|TC-DB|Q5I6C7|9.A.25.1.1	29.2	983	560	28	7	949	1454	2340	7.0e-96	348.6
SRS883112|30|k99_59426_4	gnl|TC-DB|P0A742|1.A.22.1.1	50.7	138	60	2	4	141	2	131	4.7e-28	120.6
SRS883112|30|k99_59426_6	gnl|TC-DB|Q2NEN2|9.B.97.1.3	27.6	340	194	17	1	315	10	322	3.1e-22	102.4
SRS883112|30|k99_59534_3	gnl|TC-DB|Q8A8X1|1.B.14.6.13	29.6	1007	600	30	108	1084	13	940	7.4e-102	368.6
SRS883112|30|k99_59534_4	gnl|TC-DB|Q8A0N7|8.A.46.2.2	29.1	433	252	16	154	563	133	533	8.6e-36	148.3
SRS883112|30|k99_59586_5	gnl|TC-DB|C6Y217|8.A.46.1.3	28.6	447	245	19	12	425	9	414	1.0e-29	127.9
SRS883112|30|k99_59586_6	gnl|TC-DB|Q45780|1.B.14.6.1	31.1	482	288	13	26	486	580	1038	2.6e-54	209.5
SRS883112|30|k99_60076_5	gnl|TC-DB|P10408|3.A.5.1.1	37.6	1129	436	16	6	1099	5	899	6.2e-181	631.3
SRS883112|30|k99_60248_1	gnl|TC-DB|Q9Z375|3.A.1.21.1	36.5	499	310	3	81	575	92	587	1.9e-80	296.6
SRS883112|30|k99_60253_10	gnl|TC-DB|Q9R7V3|3.A.1.21.1	34.4	607	349	14	8	595	9	585	4.3e-83	305.4
SRS883112|30|k99_60336_4	gnl|TC-DB|P75957|3.A.1.125.1	42.2	225	126	2	1	221	5	229	4.0e-50	194.5
SRS883112|30|k99_60629_3	gnl|TC-DB|Q8XME6|2.A.114.1.4	52.1	466	216	4	1	466	1	459	6.4e-130	460.7
SRS883112|30|k99_60945_4	gnl|TC-DB|B7L5V2|1.A.34.1.3	40.0	85	50	1	128	212	123	206	2.0e-12	69.7
SRS883112|30|k99_61398_2	gnl|TC-DB|P11024|3.D.2.3.1	32.4	346	196	9	1	317	57	393	1.9e-33	139.8
SRS883112|30|k99_61665_1	gnl|TC-DB|B0RRI5|2.A.66.2.23	26.7	393	272	4	32	408	45	437	1.1e-28	124.4
SRS883112|30|k99_61762_2	gnl|TC-DB|P0AFU2|2.A.47.4.8	36.4	623	377	10	1	621	5	610	9.8e-99	357.5
SRS883112|30|k99_61972_1	gnl|TC-DB|Q12GH4|1.B.70.1.8	28.5	267	147	10	91	323	95	351	8.4e-17	84.3
SRS883112|30|k99_62299_2	gnl|TC-DB|Q45780|1.B.14.6.1	27.7	1121	621	41	106	1159	40	1038	2.3e-80	297.4
SRS883112|30|k99_63734_6	gnl|TC-DB|P62723|2.A.98.1.3	37.6	327	195	2	12	337	19	337	1.2e-53	206.8
SRS883112|30|k99_64018_1	gnl|TC-DB|Q45780|1.B.14.6.1	35.0	326	180	8	136	453	46	347	2.2e-45	180.3
SRS883112|30|k99_64398_2	gnl|TC-DB|Q64VG5|1.B.14.6.8	38.4	675	408	6	2	673	1	670	2.1e-139	492.7
SRS883112|30|k99_64934_7	gnl|TC-DB|P10121|3.A.5.1.1	50.5	301	143	2	15	315	199	493	4.4e-79	291.2
SRS883112|30|k99_65241_4	gnl|TC-DB|F8CM01|1.A.13.4.1	38.7	243	142	3	1	237	103	344	7.3e-40	160.6
SRS883112|30|k99_65383_2	gnl|TC-DB|P76269|2.A.1.3.17	48.2	450	231	1	17	466	7	454	1.3e-124	443.0
SRS883112|30|k99_65983_1	gnl|TC-DB|O00571|1.I.1.1.3	33.2	325	181	6	23	318	206	523	8.5e-38	154.1
SRS883112|30|k99_66235_1	gnl|TC-DB|P0C0S1|1.A.23.2.1	35.2	253	164	0	50	302	24	276	1.8e-37	152.9
SRS883112|30|k99_66606_8	gnl|TC-DB|P0A2L3|9.A.40.1.2	38.8	240	140	4	202	439	53	287	5.1e-41	165.2
SRS883112|30|k99_66606_12	gnl|TC-DB|Q5X2N1|3.A.3.5.30	44.6	655	340	7	56	687	78	732	1.4e-141	500.0
SRS883112|30|k99_68555_2	gnl|TC-DB|Q45780|1.B.14.6.1	26.5	1103	680	33	1	1050	14	1038	7.5e-75	278.9
SRS883112|30|k99_69030_5	gnl|TC-DB|Q45780|1.B.14.6.1	27.8	1088	645	34	8	1018	15	1038	3.0e-89	326.6
SRS883112|30|k99_69277_4	gnl|TC-DB|C2UR80|2.A.1.46.5	32.1	371	248	4	4	374	14	380	4.4e-52	201.8
SRS883112|30|k99_69601_2	gnl|TC-DB|Q5EGM5|9.A.25.1.1	38.7	481	253	11	1	465	1	455	1.7e-82	303.1
SRS883112|30|k99_69692_2	gnl|TC-DB|Q8A8X0|8.A.46.2.1	28.4	416	260	14	139	545	124	510	1.8e-38	157.1
SRS883112|30|k99_69692_3	gnl|TC-DB|Q8A8X1|1.B.14.6.13	33.4	1027	553	25	189	1192	22	940	1.4e-138	490.7
SRS883112|30|k99_70529_7	gnl|TC-DB|Q8A6W8|2.A.1.7.17	23.3	420	270	12	4	409	2	383	9.7e-13	71.2
SRS883112|30|k99_71945_3	gnl|TC-DB|Q8F192|1.A.30.2.9	32.6	187	124	2	34	219	67	252	2.1e-17	85.9
SRS883112|30|k99_73188_1	gnl|TC-DB|Q45780|1.B.14.6.1	27.9	401	225	15	1	359	169	547	6.2e-32	134.8
SRS883112|30|k99_73609_3	gnl|TC-DB|Q45780|1.B.14.6.1	30.1	768	404	24	119	837	43	726	2.7e-73	273.5
SRS883112|30|k99_73787_2	gnl|TC-DB|Q8A8X1|1.B.14.6.13	20.6	1005	599	42	37	936	29	939	3.0e-22	104.0
SRS883112|30|k99_73903_8	gnl|TC-DB|S0F499|2.A.124.1.2	45.4	194	103	3	1	192	108	300	3.9e-41	164.5
SRS883112|30|k99_73903_11	gnl|TC-DB|Q6A1F6|3.B.1.1.6	27.1	473	233	9	172	588	153	569	4.9e-34	142.5
SRS883112|30|k99_73945_1	gnl|TC-DB|I0DHH7|3.A.1.201.16	49.2	299	143	3	18	308	356	653	3.3e-71	265.0
SRS883112|30|k99_74097_3	gnl|TC-DB|P42332|3.A.1.131.1	30.2	305	196	5	1	292	1	301	9.3e-31	130.6
SRS883112|30|k99_74281_3	gnl|TC-DB|O30499|2.A.20.1.4	46.7	330	164	3	3	331	9	327	2.6e-69	258.8
SRS883112|30|k99_74657_2	gnl|TC-DB|P23910|2.A.1.2.14	47.4	382	198	2	1	379	1	382	1.0e-93	340.1
SRS883112|30|k99_74782_4	gnl|TC-DB|Q8F2L2|1.A.33.1.5	47.1	333	168	4	6	337	10	335	1.5e-77	286.2
SRS883112|30|k99_75702_4	gnl|TC-DB|Q4VSJ5|2.A.6.2.20	29.6	476	294	4	13	460	5	467	1.8e-44	176.8
SRS883112|30|k99_75702_5	gnl|TC-DB|Q8RTE4|2.A.6.2.22	39.6	1041	601	13	6	1035	6	1029	2.7e-205	712.2
SRS883112|30|k99_75702_6	gnl|TC-DB|P52477|2.A.6.2.6	29.3	372	239	6	11	375	11	365	5.2e-34	141.7
SRS883112|30|k99_75753_2	gnl|TC-DB|P0AAT4|1.A.23.4.5	39.0	392	221	5	33	416	24	405	6.8e-68	254.6
SRS883112|30|k99_75820_3	gnl|TC-DB|E1WQ07|8.A.46.2.3	97.2	108	3	0	1	108	24	131	1.1e-58	221.9
SRS883112|30|k99_76581_1	gnl|TC-DB|P27125|2.A.7.6.1	32.8	119	80	0	3	121	5	123	1.1e-15	79.3
SRS883112|30|k99_76696_3	gnl|TC-DB|P0CC32|3.D.1.8.1	33.5	468	287	9	12	461	35	496	3.8e-58	222.2
SRS883112|30|k99_76696_4	gnl|TC-DB|Q9P9F4|3.D.9.1.1	31.0	496	321	8	5	491	6	489	6.3e-64	241.5
SRS883112|30|k99_76696_5	gnl|TC-DB|Q9P9F5|3.D.9.1.1	40.0	590	290	15	94	631	87	664	3.8e-90	328.9
SRS883112|30|k99_76696_6	gnl|TC-DB|P26289|3.D.1.8.1	42.5	87	50	0	9	95	7	93	1.4e-13	72.0
SRS883112|30|k99_76696_9	gnl|TC-DB|P0ABA6|3.A.2.1.1	33.8	287	182	3	2	288	5	283	1.7e-40	162.9
SRS883112|30|k99_76696_10	gnl|TC-DB|P07251|3.A.2.1.3	52.9	526	222	6	3	523	41	545	1.5e-156	549.3
SRS883112|30|k99_76697_1	gnl|TC-DB|P29707|3.A.2.1.2	66.1	121	41	0	1	121	347	467	2.9e-42	167.5
SRS883112|30|k99_77075_3	gnl|TC-DB|F8D413|3.A.1.105.12	32.2	211	132	3	10	214	4	209	3.9e-26	114.8
SRS883112|30|k99_78417_1	gnl|TC-DB|P54678|3.A.3.2.17	36.1	868	478	18	2	823	131	967	3.2e-121	432.6
SRS883112|30|k99_79106_1	gnl|TC-DB|Q7PMK5|1.A.3.1.3	44.3	88	49	0	6	93	854	941	4.4e-20	93.6
SRS883112|30|k99_79783_4	gnl|TC-DB|Q9KN48|3.A.23.1.1	41.3	225	132	0	140	364	193	417	4.0e-48	188.7
SRS883112|30|k99_80240_2	gnl|TC-DB|Q45780|1.B.14.6.1	25.7	439	278	13	1	407	616	1038	5.2e-32	135.2
SRS883112|30|k99_80411_6	gnl|TC-DB|P0AGD7|3.A.5.1.1	50.6	453	211	4	1	440	1	453	4.2e-120	427.9
SRS883112|30|k99_84220_3	gnl|TC-DB|Q45780|1.B.14.6.1	30.2	1116	613	35	24	1071	21	1038	7.3e-110	395.2
SRS883112|30|k99_84619_4	gnl|TC-DB|P0A9V1|1.B.42.1.2	51.3	236	114	1	36	270	4	239	1.4e-65	246.1
SRS883112|30|k99_84849_14	gnl|TC-DB|P43672|3.A.1.120.6	33.0	518	335	5	37	551	31	539	1.6e-79	293.5
SRS883112|30|k99_84945_2	gnl|TC-DB|A5ZGZ4|1.B.14.6.5	52.3	795	373	4	1	792	1	792	1.3e-244	842.4
SRS883112|30|k99_85867_4	gnl|TC-DB|P39580|2.A.50.2.1	28.7	300	189	7	134	415	94	386	4.7e-30	129.0
SRS883112|30|k99_86190_1	gnl|TC-DB|T2K7N8|3.D.7.2.3	50.4	472	221	5	2	460	128	599	1.2e-138	489.6
SRS883112|30|k99_86190_2	gnl|TC-DB|T2K6Q3|3.D.7.2.3	33.0	215	138	4	12	222	35	247	4.0e-30	128.3
SRS883112|30|k99_86395_3	gnl|TC-DB|Q45121|1.A.26.1.1	36.4	308	196	0	5	312	1	308	3.1e-48	188.7
SRS883112|30|k99_86498_1	gnl|TC-DB|Q9XIA9|4.C.1.1.14	33.2	190	122	4	26	211	471	659	2.6e-25	112.1
SRS883112|30|k99_86573_10	gnl|TC-DB|B3EE21|2.A.37.2.5	40.4	688	393	7	11	687	11	692	5.4e-133	471.5
SRS883112|30|k99_86789_7	gnl|TC-DB|Q9A612|2.A.2.6.2	39.8	206	116	2	7	211	44	242	3.4e-43	171.4
SRS883112|30|k99_86979_2	gnl|TC-DB|O35002|9.B.174.1.1	30.3	320	218	3	35	351	47	364	1.1e-43	174.5
SRS883112|30|k99_87528_8	gnl|TC-DB|P52067|2.A.1.35.1	57.2	383	160	2	18	399	22	401	1.3e-115	412.9
SRS883112|30|k99_87931_3	gnl|TC-DB|O35002|9.B.174.1.1	33.2	322	209	4	23	341	48	366	3.2e-50	196.1
SRS883112|30|k99_88153_3	gnl|TC-DB|Q9KDT3|2.A.22.5.3	40.4	445	260	3	4	446	9	450	1.3e-81	300.1
SRS883112|30|k99_88153_6	gnl|TC-DB|B7L5V2|1.A.34.1.3	35.2	125	78	1	166	290	112	233	3.8e-16	82.0
SRS883112|30|k99_89148_3	gnl|TC-DB|Q7MV19|9.A.8.1.6	52.0	815	345	7	1	771	1	813	2.0e-242	835.1
SRS883112|30|k99_89968_1	gnl|TC-DB|Q64VU4|1.C.39.13.2	30.6	284	192	3	3	284	45	325	4.7e-36	148.7
SRS883112|30|k99_90615_16	gnl|TC-DB|917585193|9.B.18.1.3	34.7	193	107	4	4	191	266	444	2.2e-23	105.5
SRS883112|30|k99_90615_19	gnl|TC-DB|Q07837|8.A.9.1.2	44.1	229	121	5	15	237	117	344	3.3e-53	205.3
SRS883112|30|k99_91714_3	gnl|TC-DB|Q5LCC7|2.A.81.1.2	50.1	547	262	5	14	555	19	559	3.3e-146	515.0
SRS883112|30|k99_91714_6	gnl|TC-DB|O31711|3.A.1.122.2	50.2	227	112	1	6	232	1	226	9.5e-61	229.9
SRS883112|30|k99_91714_7	gnl|TC-DB|O31712|3.A.1.122.2	34.5	406	257	6	1	406	1	397	5.0e-59	224.9
SRS883112|30|k99_91731_1	gnl|TC-DB|C6XVY5|1.B.14.6.7	41.7	235	134	1	10	241	554	788	3.4e-47	184.9
SRS883112|30|k99_92025_1	gnl|TC-DB|O69733|3.A.24.1.1	37.0	184	106	5	1	178	381	560	2.0e-22	103.6
SRS883112|30|k99_92025_3	gnl|TC-DB|Q02YV9|9.A.24.1.7	33.3	153	92	3	9	152	8	159	1.3e-15	79.3
SRS883112|30|k99_92025_7	gnl|TC-DB|P43672|3.A.1.120.6	33.0	533	338	9	2	521	1	527	3.0e-87	319.3
SRS883112|30|k99_92025_9	gnl|TC-DB|Q9KAX3|2.A.66.1.32	36.7	439	278	0	1	439	1	439	1.3e-76	283.5
SRS883112|30|k99_92054_2	gnl|TC-DB|Q73LW9|2.A.51.1.6	30.2	189	109	4	6	180	4	183	7.4e-18	87.0
SRS883112|30|k99_92054_5	gnl|TC-DB|Q7P7W4|9.B.126.2.2	28.3	385	260	4	59	442	19	388	9.3e-38	154.5
SRS883112|30|k99_92615_2	gnl|TC-DB|Q93TH9|1.B.14.6.2	30.1	953	556	31	1	873	11	933	2.3e-92	337.0
SRS883112|30|k99_93593_9	gnl|TC-DB|D8RWR9|1.C.39.4.5	38.8	129	59	2	77	204	492	601	7.2e-17	85.5
SRS883112|30|k99_93593_11	gnl|TC-DB|I6ZUE8|9.B.156.3.1	43.5	386	201	3	33	409	144	521	1.2e-79	293.5
SRS883112|30|k99_94284_3	gnl|TC-DB|C6XVY5|1.B.14.6.7	35.9	457	274	8	6	456	6	449	1.3e-71	266.9
SRS883112|30|k99_94475_1	gnl|TC-DB|Q1D665|2.A.6.1.10	34.8	856	538	9	4	851	178	1021	7.1e-132	468.0
SRS883112|30|k99_94787_2	gnl|TC-DB|P76007|2.A.36.6.11	43.2	475	253	8	7	476	8	470	9.7e-89	323.9
SRS883112|30|k99_94800_3	gnl|TC-DB|P0C2U2|2.A.17.1.1	24.5	490	292	11	2	469	11	444	5.9e-22	102.1
SRS883112|30|k99_95543_9	gnl|TC-DB|F9VN10|3.D.10.1.4	29.3	191	117	4	1	175	348	536	2.4e-18	88.6
SRS883112|30|k99_97189_1	gnl|TC-DB|Q45780|1.B.14.6.1	28.8	500	303	15	93	566	566	1038	5.5e-48	188.7
SRS883112|30|k99_97189_2	gnl|TC-DB|C6Y217|8.A.46.1.3	27.0	404	252	16	39	422	34	414	9.6e-18	88.2
SRS883112|30|k99_97387_7	gnl|TC-DB|Q18BL2|3.A.1.124.6	28.8	208	145	2	19	226	3	207	2.1e-21	99.4
SRS883112|30|k99_97797_1	gnl|TC-DB|B3EE21|2.A.37.2.5	53.6	336	156	0	6	341	10	345	2.1e-98	355.5
SRS883112|30|k99_98991_6	gnl|TC-DB|Q9FI56|3.A.9.1.2	44.6	863	410	8	3	854	95	900	5.8e-198	687.6
SRS883112|30|k99_98991_10	gnl|TC-DB|M5BEH1|9.B.106.3.1	34.0	147	90	5	68	209	56	200	1.2e-12	70.9
SRS883112|30|k99_99140_8	gnl|TC-DB|P0A5Z2|3.A.5.2.2	42.5	435	224	8	15	429	13	441	1.1e-88	323.6
SRS883112|30|k99_100056_2	gnl|TC-DB|Q9ZNF9|1.B.44.1.1	43.0	235	130	3	48	279	11	244	4.1e-52	201.4
SRS883112|30|k99_100180_1	gnl|TC-DB|Q03031|3.B.1.1.1	51.7	393	133	5	9	346	40	430	7.7e-93	337.0
SRS883112|30|k99_100577_3	gnl|TC-DB|Q45780|1.B.14.6.1	26.4	1123	666	43	15	1085	25	1038	1.2e-67	255.0
SRS883112|30|k99_100577_4	gnl|TC-DB|P08194|2.A.1.4.3	56.0	425	181	4	1	423	1	421	4.5e-138	487.6
SRS883112|30|k99_100954_3	gnl|TC-DB|A0M015|1.A.62.2.1	38.2	207	127	1	1	206	4	210	1.5e-38	156.0
SRS883112|30|k99_100954_5	gnl|TC-DB|Q55487|4.D.2.1.9	41.4	304	174	3	1	303	3	303	8.4e-70	260.4
SRS883112|30|k99_101397_1	gnl|TC-DB|I9SUL5|9.B.196.1.2	52.0	304	133	4	100	397	1	297	2.4e-85	312.4
SRS883112|30|k99_102349_4	gnl|TC-DB|P17315|1.B.14.1.4	25.9	332	200	15	14	329	120	421	4.2e-11	66.2
SRS883112|30|k99_102349_5	gnl|TC-DB|A5ZGZ4|1.B.14.6.5	28.0	132	92	2	31	160	26	156	4.0e-11	64.7
SRS883112|30|k99_102349_8	gnl|TC-DB|Q9WZS2|2.A.66.1.28	26.1	403	282	6	32	425	18	413	3.0e-23	106.3
SRS883112|30|k99_104935_3	gnl|TC-DB|H8XVA7|1.B.16.2.1	35.6	374	235	4	34	406	29	397	1.5e-66	250.0
SRS883112|30|k99_104967_1	gnl|TC-DB|O05523|2.A.64.3.2	27.6	272	166	5	4	273	5	247	6.4e-21	97.8
SRS883112|30|k99_105328_2	gnl|TC-DB|P0A9R7|3.A.1.140.1	41.7	199	115	1	22	220	18	215	3.7e-40	161.4
SRS883112|30|k99_105500_2	gnl|TC-DB|Q9KAX3|2.A.66.1.32	35.4	441	284	1	1	441	1	440	1.1e-70	263.8
SRS883112|30|k99_105500_7	gnl|TC-DB|M7AKZ4|2.A.58.2.2	29.5	594	352	10	9	599	7	536	1.6e-61	233.8
SRS883112|30|k99_106175_3	gnl|TC-DB|Q838N7|2.A.35.1.3	35.3	476	290	5	14	489	1	458	3.5e-70	262.3
SRS883112|30|k99_106649_1	gnl|TC-DB|O69733|3.A.24.1.1	32.0	97	66	0	366	462	285	381	9.8e-11	64.7
SRS883112|30|k99_106649_5	gnl|TC-DB|P77757|4.D.2.1.8	32.9	301	188	7	3	302	10	297	1.4e-37	153.3
SRS883112|30|k99_108786_3	gnl|TC-DB|P21458|3.A.12.1.1	47.2	426	202	7	1	421	370	777	2.7e-95	345.5
SRS883112|30|k99_110104_2	gnl|TC-DB|Q45780|1.B.14.6.1	24.1	1075	680	35	102	1110	34	1038	1.9e-60	231.1
SRS883112|30|k99_110246_2	gnl|TC-DB|Q83XH1|3.A.1.121.4	30.1	542	370	3	1	541	1	534	6.3e-72	268.5
SRS883112|30|k99_110771_1	gnl|TC-DB|H6L5X3|1.B.14.6.12	33.9	670	410	10	57	716	129	775	3.1e-104	375.9
SRS883112|30|k99_111252_1	gnl|TC-DB|P46468|3.A.25.2.1	46.5	157	81	1	4	160	996	1149	1.5e-37	153.7
SRS883112|30|k99_111814_13	gnl|TC-DB|Q42524|4.C.1.1.7	26.2	545	336	16	21	548	55	550	5.6e-37	152.1
SRS883112|30|k99_112849_1	gnl|TC-DB|P76387|8.A.3.3.2	32.9	258	154	6	6	247	444	698	3.3e-28	122.1
SRS883112|30|k99_113214_2	gnl|TC-DB|C7N858|2.A.115.2.14	31.5	162	106	2	1	162	251	407	7.3e-18	87.0
SRS883112|30|k99_113226_1	gnl|TC-DB|Q9XIA9|4.C.1.1.14	24.3	300	214	7	15	305	57	352	1.7e-22	103.2
SRS883112|30|k99_113295_4	gnl|TC-DB|Q5I6C7|9.A.25.1.1	36.8	522	287	9	38	521	20	536	5.5e-87	318.2
SRS883112|30|k99_113356_6	gnl|TC-DB|P37908|9.A.40.2.4	25.8	411	278	9	16	415	22	416	1.1e-29	127.5
SRS883112|30|k99_113685_1	gnl|TC-DB|B2FLY6|2.A.6.2.14	32.7	336	222	4	15	349	133	465	1.7e-44	176.4
SRS883112|30|k99_113733_6	gnl|TC-DB|P0AFR2|2.A.53.3.11	43.1	109	62	0	18	126	24	132	4.5e-22	100.5
