SRS883113|63|k99_98_1	gnl|TC-DB|O07923|2.A.78.1.1	55.1	107	47	1	1	106	1	107	7.8e-28	119.4
SRS883113|63|k99_98_2	gnl|TC-DB|O07942|2.A.78.1.1	51.8	218	105	0	8	225	28	245	1.6e-59	225.7
SRS883113|63|k99_1036_4	gnl|TC-DB|P21458|3.A.12.1.1	51.8	539	219	6	21	546	269	779	2.1e-140	495.7
SRS883113|63|k99_1211_1	gnl|TC-DB|F2HK99|2.A.26.1.9	40.9	450	254	5	1	439	1	449	1.3e-84	310.1
SRS883113|63|k99_1211_3	gnl|TC-DB|P0A742|1.A.22.1.1	52.5	120	49	2	1	119	1	113	3.4e-26	114.4
SRS883113|63|k99_1211_9	gnl|TC-DB|Q58543|1.A.23.4.1	29.0	331	229	3	21	346	29	358	7.3e-38	154.5
SRS883113|63|k99_1211_11	gnl|TC-DB|Q88RT5|2.A.6.1.5	24.1	307	216	8	63	359	106	405	2.9e-13	72.8
SRS883113|63|k99_1211_12	gnl|TC-DB|Q9HXW4|2.A.6.2.17	40.5	647	375	3	5	641	4	650	1.3e-146	516.5
SRS883113|63|k99_1276_6	gnl|TC-DB|Q9ZKE4|3.A.11.3.1	34.3	501	304	9	220	719	111	587	1.7e-73	273.9
SRS883113|63|k99_4730_3	gnl|TC-DB|E4RK11|2.A.124.1.3	33.0	194	127	2	4	196	114	305	1.3e-20	96.3
SRS883113|63|k99_4730_8	gnl|TC-DB|Q5JIF7|2.A.114.1.3	33.4	512	291	12	1	475	1	499	9.6e-69	257.7
SRS883113|63|k99_4730_9	gnl|TC-DB|P09489|1.B.12.5.1	30.9	353	181	13	45	353	43	376	3.1e-26	117.5
SRS883113|63|k99_4730_10	gnl|TC-DB|Q9HT68|3.A.1.24.5	58.5	270	102	1	1	270	1	260	1.7e-84	308.9
SRS883113|63|k99_4730_18	gnl|TC-DB|A9BJX0|3.A.3.2.21	44.7	888	457	9	14	879	8	883	4.5e-198	688.0
SRS883113|63|k99_4730_19	gnl|TC-DB|P94571|9.B.105.1.3	39.0	123	64	4	42	160	37	152	9.9e-12	66.6
SRS883113|63|k99_4730_20	gnl|TC-DB|O59010|2.A.23.1.5	47.8	387	186	4	26	398	36	420	3.9e-88	321.6
SRS883113|63|k99_4730_24	gnl|TC-DB|V5BTU4|9.B.142.2.8	29.5	329	215	5	14	332	23	344	6.0e-36	148.7
SRS883113|63|k99_7676_7	gnl|TC-DB|P38101|2.A.76.1.4	37.2	191	112	3	6	192	8	194	1.2e-26	116.3
SRS883113|63|k99_7676_17	gnl|TC-DB|D5CES3|2.A.7.1.10	51.0	104	51	0	1	104	1	104	3.4e-23	104.0
SRS883113|63|k99_7676_19	gnl|TC-DB|Q8TZQ3|3.A.1.1.16	53.1	239	111	1	5	243	4	241	3.9e-71	265.0
SRS883113|63|k99_7676_20	gnl|TC-DB|M4VB92|3.A.1.20.4	34.6	544	334	8	25	563	10	536	1.5e-74	276.9
SRS883113|63|k99_7676_21	gnl|TC-DB|Q8TZQ3|3.A.1.1.16	53.1	241	113	0	1	241	1	241	5.3e-73	271.2
SRS883113|63|k99_7676_23	gnl|TC-DB|Q03030|3.B.1.1.1	33.3	624	367	13	532	1142	3	590	2.9e-80	297.0
SRS883113|63|k99_7676_24	gnl|TC-DB|J7KE41|2.A.66.1.46	25.3	292	195	8	160	438	166	447	5.6e-11	65.5
SRS883113|63|k99_7676_26	gnl|TC-DB|Q2FUL6|3.A.1.25.2	39.9	158	90	3	18	175	16	168	2.3e-19	92.0
SRS883113|63|k99_7676_33	gnl|TC-DB|B7L5V2|1.A.34.1.3	33.3	114	75	1	187	299	104	217	8.2e-14	74.3
SRS883113|63|k99_7676_48	gnl|TC-DB|Q99ZY6|3.A.1.34.1	32.4	333	222	3	9	340	1	331	8.7e-49	190.7
SRS883113|63|k99_7676_50	gnl|TC-DB|Q99ZY4|3.A.1.34.1	35.2	284	179	2	4	286	1	280	1.9e-39	159.5
SRS883113|63|k99_7676_51	gnl|TC-DB|Q99ZY3|3.A.1.34.1	50.4	236	117	0	14	249	17	252	6.1e-58	220.7
SRS883113|63|k99_7676_55	gnl|TC-DB|A2RKA7|3.A.1.2.17	40.3	496	294	2	5	498	6	501	4.2e-108	388.3
SRS883113|63|k99_7676_57	gnl|TC-DB|A2RKA5|3.A.1.2.17	37.8	312	170	7	9	304	10	313	1.1e-45	180.3
SRS883113|63|k99_7676_61	gnl|TC-DB|A3CLT2|1.A.35.3.4	21.4	295	221	4	15	305	3	290	1.0e-11	67.4
SRS883113|63|k99_10434_2	gnl|TC-DB|P55072|3.A.16.1.1	43.9	230	128	1	151	379	473	702	6.8e-58	221.9
SRS883113|63|k99_10880_1	gnl|TC-DB|Q8EII1|2.A.25.1.4	62.2	437	161	3	9	444	5	438	1.9e-144	508.8
SRS883113|63|k99_10880_4	gnl|TC-DB|Q8F3M6|3.A.15.4.1	26.1	436	251	12	33	397	127	562	1.5e-26	117.1
SRS883113|63|k99_10880_6	gnl|TC-DB|Q8F3M7|3.A.15.4.1	48.6	383	195	1	14	394	173	555	3.5e-97	351.7
SRS883113|63|k99_10880_7	gnl|TC-DB|P24559|3.A.15.2.1	39.9	336	197	1	2	332	3	338	1.8e-65	246.1
SRS883113|63|k99_12742_1	gnl|TC-DB|P45769|3.A.1.3.26	60.5	233	91	1	5	236	12	244	4.9e-75	277.3
SRS883113|63|k99_12742_2	gnl|TC-DB|Q8YSA2|3.A.1.3.17	51.4	214	99	1	4	212	272	485	5.2e-55	210.7
SRS883113|63|k99_12742_3	gnl|TC-DB|P0AEQ3|3.A.1.3.2	46.3	177	94	1	1	176	72	248	3.3e-39	157.9
SRS883113|63|k99_12994_5	gnl|TC-DB|P69874|3.A.1.11.1	43.1	232	130	1	1	230	17	248	4.0e-54	208.0
SRS883113|63|k99_12994_7	gnl|TC-DB|A0QQ68|3.A.1.9.2	29.8	242	167	2	36	275	291	531	1.6e-24	109.8
SRS883113|63|k99_12994_8	gnl|TC-DB|A0QQ68|3.A.1.9.2	30.8	234	151	3	35	264	305	531	9.6e-27	117.1
SRS883113|63|k99_12994_9	gnl|TC-DB|P16677|3.A.1.9.1	42.4	250	138	4	1	245	1	249	2.4e-46	182.2
SRS883113|63|k99_12994_18	gnl|TC-DB|Q8DQH7|3.A.1.4.10	65.0	234	82	0	1	234	3	236	2.6e-84	308.1
SRS883113|63|k99_12994_19	gnl|TC-DB|Q8DQH8|3.A.1.4.10	59.4	251	102	0	4	254	3	253	2.6e-82	301.6
SRS883113|63|k99_12994_20	gnl|TC-DB|Q8DQH9|3.A.1.4.10	43.1	216	122	1	91	305	93	308	3.3e-42	168.7
SRS883113|63|k99_12994_21	gnl|TC-DB|Q8DQI0|3.A.1.4.10	59.2	292	119	0	7	298	1	292	2.1e-91	332.0
SRS883113|63|k99_12994_22	gnl|TC-DB|Q8DQI1|3.A.1.4.10	38.0	387	227	5	4	389	12	386	2.4e-63	239.2
SRS883113|63|k99_12994_23	gnl|TC-DB|Q8DQI1|3.A.1.4.10	39.1	386	217	7	5	383	2	376	9.7e-68	253.8
SRS883113|63|k99_12994_25	gnl|TC-DB|Q5G3M3|3.A.7.19.1	42.5	134	75	1	1	132	2	135	1.3e-24	109.0
SRS883113|63|k99_19560_3	gnl|TC-DB|Q9F3K7|3.A.1.3.24	57.2	250	105	2	4	252	5	253	5.3e-75	277.3
SRS883113|63|k99_19560_4	gnl|TC-DB|P73544|3.A.1.3.12	38.2	212	127	2	2	209	301	512	2.9e-37	151.8
SRS883113|63|k99_19560_5	gnl|TC-DB|P54535|3.A.1.3.15	30.4	263	162	10	1	251	1	254	9.5e-24	107.1
SRS883113|63|k99_19560_9	gnl|TC-DB|Q8DPQ6|2.A.66.1.41	36.8	438	276	1	9	446	10	446	4.5e-77	285.0
SRS883113|63|k99_19560_10	gnl|TC-DB|P43672|3.A.1.120.6	32.3	526	346	8	2	522	3	523	1.6e-80	297.0
SRS883113|63|k99_19980_3	gnl|TC-DB|O35018|2.A.1.3.30	31.6	415	281	1	10	421	14	428	5.6e-46	181.8
SRS883113|63|k99_19980_9	gnl|TC-DB|Q73LW8|2.A.51.1.6	38.9	167	100	1	15	181	9	173	7.3e-24	107.1
SRS883113|63|k99_19980_10	gnl|TC-DB|Q73LW8|2.A.51.1.6	35.5	186	101	4	4	188	10	177	3.8e-17	84.7
SRS883113|63|k99_20178_1	gnl|TC-DB|Q45343|1.B.12.2.2	26.3	308	203	9	183	479	378	672	6.8e-23	105.1
SRS883113|63|k99_20178_4	gnl|TC-DB|Q2BM70|3.A.1.17.4	32.4	244	161	1	21	260	62	305	1.6e-34	142.9
SRS883113|63|k99_20178_5	gnl|TC-DB|C0LZR9|3.A.1.17.5	42.1	261	144	4	3	261	4	259	3.2e-51	198.4
SRS883113|63|k99_20178_8	gnl|TC-DB|C5IZH0|2.A.6.2.47	32.4	364	236	5	11	365	8	370	1.2e-44	177.2
SRS883113|63|k99_20178_9	gnl|TC-DB|Q9I0Y8|2.A.6.2.16	41.7	1049	598	7	2	1037	4	1051	5.1e-217	751.1
SRS883113|63|k99_22480_2	gnl|TC-DB|Q839D5|3.A.1.26.7	46.9	275	143	2	1	275	1	272	3.4e-67	251.5
SRS883113|63|k99_22480_3	gnl|TC-DB|Q5M244|3.A.1.25.6	52.4	206	88	4	1	201	1	201	2.4e-54	208.4
SRS883113|63|k99_23620_3	gnl|TC-DB|O67997|1.A.11.1.4	48.8	428	201	5	14	433	18	435	3.0e-100	362.1
SRS883113|63|k99_23621_9	gnl|TC-DB|G4P6M9|9.B.120.1.2	53.7	218	100	1	1	218	1	217	1.6e-59	225.7
SRS883113|63|k99_32097_2	gnl|TC-DB|P73544|3.A.1.3.12	42.2	256	139	2	4	255	17	267	1.1e-48	189.9
SRS883113|63|k99_32097_3	gnl|TC-DB|C0QCR7|8.A.59.4.1	30.3	175	104	4	23	179	354	528	9.7e-19	90.1
SRS883113|63|k99_32394_1	gnl|TC-DB|Q746S9|3.D.1.5.1	36.0	164	102	2	3	164	1	163	1.3e-25	112.8
SRS883113|63|k99_32394_2	gnl|TC-DB|Q74GA3|3.D.1.5.1	59.3	575	216	7	8	574	7	571	3.3e-200	694.5
SRS883113|63|k99_32394_5	gnl|TC-DB|Q74GA4|3.D.1.5.1	49.6	141	71	0	24	164	27	167	8.9e-39	156.4
SRS883113|63|k99_36322_1	gnl|TC-DB|D4S693|1.B.23.1.5	43.2	243	114	6	1	222	41	280	7.5e-44	173.7
SRS883113|63|k99_36322_3	gnl|TC-DB|Q0S1M9|8.A.7.1.2	28.3	364	215	11	403	754	180	509	7.3e-22	102.4
SRS883113|63|k99_36840_2	gnl|TC-DB|P54537|3.A.1.3.15	60.0	240	96	0	1	240	1	240	4.1e-77	284.3
SRS883113|63|k99_36840_3	gnl|TC-DB|P54536|3.A.1.3.15	44.2	217	121	0	2	218	3	219	7.6e-46	180.3
SRS883113|63|k99_36840_4	gnl|TC-DB|Q9HU31|3.A.1.3.23	28.5	253	165	5	9	258	5	244	3.2e-17	85.5
SRS883113|63|k99_36840_8	gnl|TC-DB|Q9KAX3|2.A.66.1.32	27.7	429	301	7	25	448	28	452	3.2e-30	129.4
SRS883113|63|k99_37148_10	gnl|TC-DB|Q89SS6|2.A.1.42.2	31.8	173	97	6	11	168	426	592	3.1e-14	75.1
SRS883113|63|k99_37148_16	gnl|TC-DB|Q6MLN2|9.B.149.1.11	34.5	206	122	4	8	202	12	215	1.0e-28	123.2
SRS883113|63|k99_37148_21	gnl|TC-DB|Q07711|3.A.7.7.1	23.3	664	389	22	37	661	73	655	7.1e-21	99.0
SRS883113|63|k99_37148_38	gnl|TC-DB|O32095|2.A.86.1.8	27.9	344	216	8	16	344	20	346	3.4e-30	129.0
SRS883113|63|k99_42792_1	gnl|TC-DB|O34474|2.A.66.1.25	26.9	357	243	6	2	345	99	450	4.5e-27	118.6
SRS883113|63|k99_42792_3	gnl|TC-DB|F8D413|3.A.1.105.12	48.0	204	106	0	25	228	19	222	5.1e-50	194.5
SRS883113|63|k99_42792_4	gnl|TC-DB|P23878|3.A.1.14.2	43.2	243	138	0	1	243	5	247	1.5e-56	216.1
SRS883113|63|k99_42792_5	gnl|TC-DB|Q9HQ19|3.A.1.14.9	42.2	308	168	3	28	334	64	362	1.2e-53	206.8
SRS883113|63|k99_42792_9	gnl|TC-DB|O32219|3.A.3.6.10	42.9	713	378	11	194	894	6	701	3.9e-149	525.4
SRS883113|63|k99_45457_3	gnl|TC-DB|A9CGX6|2.A.6.3.2	34.8	1011	646	8	6	1008	8	1013	1.1e-171	600.5
SRS883113|63|k99_45457_4	gnl|TC-DB|M7AKZ4|2.A.58.2.2	29.9	535	361	7	8	533	10	539	6.3e-54	208.4
SRS883113|63|k99_48881_13	gnl|TC-DB|O32219|3.A.3.6.10	58.0	615	248	5	8	620	93	699	1.3e-189	659.4
SRS883113|63|k99_48881_18	gnl|TC-DB|Q3MNJ6|3.A.3.5.15	49.6	756	369	3	4	759	65	808	4.9e-189	657.9
SRS883113|63|k99_49331_1	gnl|TC-DB|O32081|2.A.38.4.3	41.3	264	148	4	3	266	4	260	2.6e-48	188.7
SRS883113|63|k99_49987_1	gnl|TC-DB|P0AFK9|3.A.1.11.1	37.0	330	204	3	30	356	20	348	1.9e-62	236.1
SRS883113|63|k99_49987_2	gnl|TC-DB|P0AFK6|3.A.1.11.1	42.0	250	145	0	13	262	10	259	1.9e-51	199.1
SRS883113|63|k99_49987_3	gnl|TC-DB|P0AFK4|3.A.1.11.1	46.2	264	142	0	7	270	1	264	1.1e-63	240.0
SRS883113|63|k99_49987_4	gnl|TC-DB|P69874|3.A.1.11.1	49.4	354	152	5	1	327	17	370	3.4e-82	301.6
SRS883113|63|k99_49987_7	gnl|TC-DB|K7QW88|2.A.7.3.52	28.0	286	184	6	9	293	7	271	6.8e-21	97.8
SRS883113|63|k99_50814_3	gnl|TC-DB|A3MWP1|3.A.1.137.1	39.8	221	130	2	1	220	1	219	1.9e-36	149.1
SRS883113|63|k99_53826_2	gnl|TC-DB|Q9X272|3.A.1.5.15	47.6	313	161	3	8	319	13	323	6.3e-81	297.4
SRS883113|63|k99_53826_3	gnl|TC-DB|P76027|3.A.1.5.41	44.4	259	137	4	2	255	19	275	7.0e-54	207.2
SRS883113|63|k99_53826_4	gnl|TC-DB|P42061|3.A.1.5.20	27.7	473	307	14	70	515	79	543	2.4e-34	143.3
SRS883113|63|k99_53826_5	gnl|TC-DB|P51000|3.A.1.5.27	40.1	274	158	1	9	276	22	295	2.1e-53	205.7
SRS883113|63|k99_53826_6	gnl|TC-DB|P75798|3.A.1.5.11	40.7	307	173	4	10	316	7	304	3.7e-57	218.4
SRS883113|63|k99_56115_7	gnl|TC-DB|Q8EG39|2.A.8.1.6	41.4	464	249	6	4	459	1	449	4.2e-86	315.1
SRS883113|63|k99_56439_2	gnl|TC-DB|O28661|2.A.3.6.1	26.3	448	294	12	6	426	11	449	6.7e-30	128.3
SRS883113|63|k99_56439_3	gnl|TC-DB|P69210|2.A.7.1.9	40.8	98	58	0	9	106	11	108	5.3e-16	80.1
SRS883113|63|k99_56439_4	gnl|TC-DB|P69213|2.A.7.1.9	38.2	102	63	0	6	107	7	108	2.7e-15	77.8
SRS883113|63|k99_58064_6	gnl|TC-DB|Q8R9L8|3.A.1.33.1	38.6	223	134	2	7	227	10	231	2.8e-40	162.2
SRS883113|63|k99_58064_7	gnl|TC-DB|Q8R9L8|3.A.1.33.1	39.8	259	155	1	1	259	308	565	6.7e-52	200.7
SRS883113|63|k99_58064_13	gnl|TC-DB|P77735|8.A.5.1.6	29.2	178	106	5	51	213	1	173	1.9e-11	67.0
SRS883113|63|k99_59526_26	gnl|TC-DB|P0AER8|2.A.27.1.1	33.7	403	257	3	7	408	3	396	3.4e-55	212.2
SRS883113|63|k99_64693_9	gnl|TC-DB|O95342|3.A.1.201.2	32.4	176	101	6	15	177	436	606	1.8e-17	86.3
SRS883113|63|k99_64693_11	gnl|TC-DB|P75763|2.A.47.3.5	25.9	478	330	13	22	492	11	471	1.7e-24	110.5
SRS883113|63|k99_64693_20	gnl|TC-DB|G2JTB5|3.A.11.1.4	28.4	211	125	4	6	210	20	210	1.9e-17	85.9
SRS883113|63|k99_64693_21	gnl|TC-DB|P39695|3.A.11.1.1	28.5	639	403	19	145	746	130	751	1.1e-52	205.3
SRS883113|63|k99_64693_27	gnl|TC-DB|Q83XH1|3.A.1.121.4	30.9	511	344	5	4	510	2	507	1.0e-61	234.2
SRS883113|63|k99_64693_33	gnl|TC-DB|P94398|9.B.10.1.1	35.8	260	155	4	1	248	34	293	2.0e-37	152.5
SRS883113|63|k99_64693_41	gnl|TC-DB|Q6MDD6|3.A.7.16.1	40.0	742	410	10	1	730	1	719	6.3e-145	511.1
SRS883113|63|k99_64693_56	gnl|TC-DB|Q6UKY4|3.D.1.6.4	47.9	71	37	0	2	72	51	121	1.9e-12	67.8
SRS883113|63|k99_64693_60	gnl|TC-DB|P23895|2.A.7.1.3	47.0	100	53	0	3	102	4	103	1.6e-17	85.1
SRS883113|63|k99_64694_16	gnl|TC-DB|Q9FI56|3.A.9.1.2	50.9	823	382	7	65	874	92	905	1.2e-227	786.2
SRS883113|63|k99_64694_19	gnl|TC-DB|P31826|3.A.1.203.11	32.2	447	293	4	1	445	106	544	4.0e-76	282.0
SRS883113|63|k99_64780_1	gnl|TC-DB|P0A5Z2|3.A.5.2.2	49.6	226	100	4	9	220	216	441	4.9e-53	204.1
SRS883113|63|k99_64780_10	gnl|TC-DB|F4K2G0|3.D.1.8.1	51.7	143	61	5	14	149	103	244	1.8e-28	122.1
SRS883113|63|k99_65537_9	gnl|TC-DB|Q5JIF7|2.A.114.1.3	33.5	516	293	9	5	492	6	499	5.5e-72	268.5
SRS883113|63|k99_65537_10	gnl|TC-DB|Q0PBV6|9.A.40.2.2	25.7	436	317	3	6	439	22	452	7.9e-42	167.9
SRS883113|63|k99_65537_21	gnl|TC-DB|Q5M245|3.A.1.25.6	45.6	261	140	2	5	264	4	263	5.6e-59	224.2
SRS883113|63|k99_65800_1	gnl|TC-DB|Q0VR69|2.A.68.1.4	37.8	492	294	3	19	508	11	492	5.5e-95	344.7
SRS883113|63|k99_65800_8	gnl|TC-DB|P45428|2.A.61.1.2	32.5	449	294	4	7	448	4	450	4.4e-56	215.3
SRS883113|63|k99_65800_10	gnl|TC-DB|O32095|2.A.86.1.8	23.1	337	225	9	35	362	40	351	4.2e-12	68.9
SRS883113|63|k99_66144_1	gnl|TC-DB|Q93HR7|2.A.66.1.7	23.0	417	298	10	20	426	14	417	4.1e-22	102.4
SRS883113|63|k99_66144_2	gnl|TC-DB|Q9K0A9|2.A.28.2.4	43.6	314	174	2	1	312	1	313	1.4e-59	226.5
SRS883113|63|k99_66144_9	gnl|TC-DB|O29973|2.A.7.3.28	28.6	269	152	6	34	287	29	272	1.2e-14	77.0
SRS883113|63|k99_66144_11	gnl|TC-DB|Q8TJZ4|3.A.3.6.16	37.3	557	345	2	62	615	88	643	1.0e-103	374.0
SRS883113|63|k99_66144_14	gnl|TC-DB|P0AFU2|2.A.47.4.8	24.3	605	267	5	5	418	6	610	2.4e-40	162.9
SRS883113|63|k99_66144_15	gnl|TC-DB|P25694|3.A.16.1.2	42.4	245	137	3	162	405	211	452	6.1e-51	198.7
SRS883113|63|k99_66144_17	gnl|TC-DB|P29707|3.A.2.1.2	73.2	467	118	3	2	468	3	462	4.9e-191	663.7
SRS883113|63|k99_66144_18	gnl|TC-DB|P0ABA6|3.A.2.1.1	37.8	299	171	3	1	296	1	287	2.1e-46	182.6
SRS883113|63|k99_66144_19	gnl|TC-DB|P29706|3.A.2.1.2	64.2	494	176	1	111	604	7	499	9.8e-176	613.2
SRS883113|63|k99_66144_22	gnl|TC-DB|Q9RMB6|3.A.2.1.5	29.2	202	129	6	35	228	17	212	2.8e-17	85.5
SRS883113|63|k99_66144_25	gnl|TC-DB|Q7UQ81|9.B.146.1.1	31.0	287	181	5	5	276	11	295	5.8e-29	124.8
SRS883113|63|k99_66144_26	gnl|TC-DB|G2JTB4|3.A.11.1.4	45.1	122	59	2	9	130	6	119	1.4e-25	112.5
SRS883113|63|k99_67349_1	gnl|TC-DB|O32081|2.A.38.4.3	42.5	174	98	1	1	174	274	445	1.5e-33	139.0
SRS883113|63|k99_67349_2	gnl|TC-DB|P39760|2.A.38.4.4	42.6	216	123	1	7	221	2	217	4.1e-47	184.5
SRS883113|63|k99_67349_8	gnl|TC-DB|C6EAH0|2.A.122.1.1	37.8	222	136	1	14	235	7	226	6.6e-35	144.1
SRS883113|63|k99_67349_11	gnl|TC-DB|Q9FI56|3.A.9.1.2	45.5	880	379	15	1	845	94	907	1.4e-196	682.9
SRS883113|63|k99_68293_3	gnl|TC-DB|B0W0K4|2.A.23.2.11	28.0	407	258	8	54	428	50	453	2.0e-29	126.7
SRS883113|63|k99_69403_1	gnl|TC-DB|Q6MMD5|9.B.18.2.1	50.8	378	174	6	1	367	249	625	6.1e-96	347.4
SRS883113|63|k99_71226_6	gnl|TC-DB|Q01465|9.B.157.1.1	61.3	328	125	1	9	334	6	333	2.7e-114	408.3
SRS883113|63|k99_71226_10	gnl|TC-DB|P0ABG7|2.A.103.1.2	40.5	341	201	2	25	364	27	366	2.5e-65	245.7
SRS883113|63|k99_72259_2	gnl|TC-DB|P43672|3.A.1.120.6	34.6	537	324	7	11	530	12	538	2.9e-77	286.2
SRS883113|63|k99_74060_1	gnl|TC-DB|P0AGM7|2.A.40.1.1	64.4	413	143	3	1	410	1	412	4.8e-142	500.7
SRS883113|63|k99_74060_9	gnl|TC-DB|D4S693|1.B.23.1.5	36.9	434	230	14	1	394	41	470	2.2e-56	216.1
SRS883113|63|k99_75018_6	gnl|TC-DB|Q8TZQ3|3.A.1.1.16	60.0	255	100	1	1	253	1	255	4.5e-85	311.2
SRS883113|63|k99_75018_7	gnl|TC-DB|M4VB92|3.A.1.20.4	38.7	519	304	5	46	558	31	541	2.6e-90	329.3
SRS883113|63|k99_75018_8	gnl|TC-DB|M4VF34|3.A.1.20.4	33.9	351	208	10	1	339	1	339	4.5e-45	178.3
SRS883113|63|k99_77816_2	gnl|TC-DB|P31437|2.A.7.3.12	37.0	292	184	0	2	293	3	294	3.2e-47	185.3
SRS883113|63|k99_77816_3	gnl|TC-DB|Q9K0M2|2.A.111.1.2	49.4	468	231	3	10	473	4	469	2.0e-128	455.7
SRS883113|63|k99_85427_1	gnl|TC-DB|Q9HXW4|2.A.6.2.17	35.3	371	239	1	1	370	650	1020	1.4e-60	229.9
SRS883113|63|k99_85427_19	gnl|TC-DB|O31712|3.A.1.122.2	34.4	401	255	5	4	404	5	397	1.2e-52	203.8
SRS883113|63|k99_85427_20	gnl|TC-DB|O31711|3.A.1.122.2	60.3	219	87	0	4	222	1	219	1.7e-72	268.9
SRS883113|63|k99_90868_2	gnl|TC-DB|P38919|3.A.18.1.1	36.8	361	224	2	9	365	40	400	4.6e-65	245.4
SRS883113|63|k99_91661_3	gnl|TC-DB|P39830|2.A.37.1.5	31.9	383	251	4	1	375	1	381	1.7e-39	161.0
SRS883113|63|k99_91661_8	gnl|TC-DB|P31466|2.A.40.7.6	41.1	460	236	7	19	474	14	442	2.1e-80	296.2
SRS883113|63|k99_91661_9	gnl|TC-DB|D4S693|1.B.23.1.5	62.1	95	26	2	1	85	41	135	3.5e-23	103.6
SRS883113|63|k99_91662_4	gnl|TC-DB|D4S693|1.B.23.1.5	62.1	95	26	2	1	85	41	135	3.5e-23	103.6
SRS883113|63|k99_93439_3	gnl|TC-DB|P16256|2.A.21.1.1	36.3	476	290	5	7	480	6	470	1.3e-77	287.0
SRS883113|63|k99_93611_7	gnl|TC-DB|Q5SJX5|9.B.120.1.3	36.4	239	131	5	5	228	11	243	2.7e-33	138.7
SRS883113|63|k99_93611_11	gnl|TC-DB|C0QYK9|2.A.115.2.8	38.4	198	122	0	4	201	7	204	1.2e-30	129.8
SRS883113|63|k99_93611_12	gnl|TC-DB|I6L8P4|2.A.66.1.33	33.6	429	285	0	3	431	8	436	2.9e-68	255.8
SRS883113|63|k99_93611_16	gnl|TC-DB|P45428|2.A.61.1.2	43.1	457	252	3	2	454	3	455	4.2e-99	358.2
SRS883113|63|k99_98874_2	gnl|TC-DB|Q7MV19|9.A.8.1.6	38.2	726	372	15	6	667	130	842	1.6e-126	449.9
SRS883113|63|k99_100946_9	gnl|TC-DB|Q55487|4.D.2.1.9	41.4	304	177	1	1	304	1	303	4.8e-70	261.2
SRS883113|63|k99_100946_15	gnl|TC-DB|P0AFP9|3.A.1.105.15	31.6	367	244	3	2	367	3	363	4.1e-44	175.3
SRS883113|63|k99_100946_16	gnl|TC-DB|Q4VWC9|3.A.1.105.4	51.4	222	108	0	4	225	338	559	1.1e-63	240.0
SRS883113|63|k99_100946_20	gnl|TC-DB|Q0VR69|2.A.68.1.4	36.2	495	306	3	12	505	6	491	2.8e-83	305.8
SRS883113|63|k99_103086_13	gnl|TC-DB|P0A6W3|9.B.146.1.6	43.7	334	168	5	1	315	22	354	6.7e-67	250.8
SRS883113|63|k99_103086_32	gnl|TC-DB|O51236|3.A.1.7.5	63.2	247	90	1	5	250	14	260	2.2e-89	325.1
SRS883113|63|k99_103086_33	gnl|TC-DB|O51235|3.A.1.7.5	37.1	213	130	3	72	284	268	476	1.1e-28	123.6
SRS883113|63|k99_103086_34	gnl|TC-DB|O51234|3.A.1.7.5	37.5	285	166	4	5	277	8	292	1.1e-44	176.8
SRS883113|63|k99_103086_37	gnl|TC-DB|Q8DQH7|3.A.1.4.10	57.4	235	100	0	7	241	1	235	9.6e-74	273.1
SRS883113|63|k99_103086_38	gnl|TC-DB|Q8DQH8|3.A.1.4.10	53.9	254	112	1	2	255	3	251	9.6e-72	266.5
SRS883113|63|k99_103086_39	gnl|TC-DB|P21628|3.A.1.4.8	33.2	346	158	6	11	323	96	401	4.2e-38	155.2
SRS883113|63|k99_103086_40	gnl|TC-DB|Q8DQI0|3.A.1.4.10	46.9	290	151	2	17	306	6	292	1.5e-63	239.6
SRS883113|63|k99_103086_41	gnl|TC-DB|P21175|3.A.1.4.8	30.3	347	222	13	13	352	19	352	1.6e-27	120.2
SRS883113|63|k99_103086_53	gnl|TC-DB|P0AGD7|3.A.5.1.1	51.3	437	208	4	3	435	2	437	1.1e-123	439.9
SRS883113|63|k99_103086_55	gnl|TC-DB|P10121|3.A.5.1.1	50.8	301	146	2	2	301	194	493	1.2e-78	289.7
SRS883113|63|k99_103086_64	gnl|TC-DB|Q9CES4|3.A.1.3.25	59.1	237	97	0	9	245	7	243	3.2e-72	268.1
SRS883113|63|k99_103086_65	gnl|TC-DB|Q9A1H0|3.A.1.3.20	49.3	227	109	3	11	236	282	503	6.6e-52	200.7
SRS883113|63|k99_103086_66	gnl|TC-DB|Q9A1H0|3.A.1.3.20	35.0	277	171	4	3	279	1	268	2.6e-38	155.6
SRS883113|63|k99_103086_76	gnl|TC-DB|Q45340|1.B.12.2.3	25.4	311	212	8	232	532	710	1010	4.7e-17	85.9
SRS883113|63|k99_103315_6	gnl|TC-DB|Q8LBP4|2.A.9.2.1	36.7	240	126	6	3	216	115	354	1.1e-31	133.3
SRS883113|63|k99_107032_3	gnl|TC-DB|P08956|3.A.17.1.1	40.5	945	495	18	64	958	241	1168	1.0e-187	653.7
SRS883113|63|k99_107032_10	gnl|TC-DB|B8CYZ1|1.B.42.1.13	27.8	356	251	4	4	358	8	358	3.4e-35	145.6
SRS883113|63|k99_107032_11	gnl|TC-DB|P0A9V1|1.B.42.1.2	57.3	234	99	1	7	239	8	241	1.6e-76	282.3
SRS883113|63|k99_107032_20	gnl|TC-DB|Q9WYC4|3.A.1.135.5	38.5	566	347	1	6	571	27	591	3.1e-107	385.6
SRS883113|63|k99_107032_32	gnl|TC-DB|C9LSC3|1.B.33.2.3	45.1	579	294	4	238	814	82	638	6.1e-141	498.0
SRS883113|63|k99_107032_36	gnl|TC-DB|C9LSB9|1.B.17.2.5	33.5	457	293	4	7	460	8	456	2.3e-53	206.5
SRS883113|63|k99_107032_38	gnl|TC-DB|P63357|3.A.1.27.5	40.7	241	143	0	6	246	28	268	9.0e-51	196.8
SRS883113|63|k99_107032_39	gnl|TC-DB|Q8L4R0|3.A.1.27.2	41.7	216	126	0	40	255	124	339	1.1e-38	156.8
SRS883113|63|k99_107032_42	gnl|TC-DB|Q8F2L2|1.A.33.1.5	53.0	328	154	0	5	332	11	338	4.5e-98	354.4
SRS883113|63|k99_108977_5	gnl|TC-DB|Q2FVE7|3.A.1.5.43	39.7	529	307	6	4	525	6	529	4.3e-119	424.9
SRS883113|63|k99_108977_6	gnl|TC-DB|P33591|3.A.1.5.3	41.0	310	181	2	1	310	1	308	4.4e-63	238.0
SRS883113|63|k99_108977_7	gnl|TC-DB|P0AFA9|3.A.1.5.3	41.7	266	154	1	5	269	4	269	6.8e-52	200.7
SRS883113|63|k99_108977_8	gnl|TC-DB|Q2FVF0|3.A.1.5.43	40.1	262	155	2	4	265	3	262	6.6e-55	210.7
SRS883113|63|k99_108977_9	gnl|TC-DB|Q2FZR4|3.A.1.5.19	36.6	235	145	3	2	233	1	234	8.7e-41	163.7
SRS883113|63|k99_108977_10	gnl|TC-DB|C9KQR1|1.B.23.1.23	35.4	455	239	15	1	422	1	433	2.4e-56	216.1
SRS883113|63|k99_108977_11	gnl|TC-DB|P54428|9.A.40.2.1	43.1	427	236	3	18	438	4	429	4.6e-93	338.2
SRS883113|63|k99_108977_14	gnl|TC-DB|P07373|2.A.103.1.3	35.5	361	224	3	10	368	7	360	2.7e-57	219.2
SRS883113|63|k99_108977_20	gnl|TC-DB|P0ABP6|9.B.27.2.3	54.2	214	95	3	1	212	1	213	5.8e-59	223.8
SRS883113|63|k99_108977_26	gnl|TC-DB|Q9HT68|3.A.1.24.5	43.0	265	142	3	3	267	1	256	2.9e-55	211.8
SRS883113|63|k99_108977_27	gnl|TC-DB|Q8NSN3|3.A.1.24.4	49.5	200	101	0	15	214	20	219	1.6e-43	172.6
SRS883113|63|k99_108977_28	gnl|TC-DB|P30750|3.A.1.24.1	52.6	344	162	1	1	344	1	343	1.1e-96	349.7
SRS883113|63|k99_108977_32	gnl|TC-DB|C9KQR1|1.B.23.1.23	32.6	460	240	12	1	417	1	433	6.1e-52	201.4
SRS883113|63|k99_110238_7	gnl|TC-DB|Q8PVB2|9.B.125.2.2	31.2	324	196	6	3	313	9	318	1.3e-33	140.2
SRS883113|63|k99_110238_28	gnl|TC-DB|O35002|9.B.174.1.1	37.8	320	194	4	45	359	57	376	4.3e-60	228.4
SRS883113|63|k99_110238_31	gnl|TC-DB|P0A9R7|3.A.1.140.1	46.5	215	115	0	1	215	1	215	1.1e-55	213.0
SRS883113|63|k99_110238_35	gnl|TC-DB|Q6MR29|3.A.5.1.3	52.5	836	358	3	2	803	1	831	2.3e-244	841.6
SRS883113|63|k99_112808_1	gnl|TC-DB|Q9SJV5|2.A.64.2.1	38.0	234	141	1	15	244	107	340	1.5e-34	142.9
SRS883113|63|k99_112808_5	gnl|TC-DB|D4S693|1.B.23.1.5	34.2	450	239	13	1	413	41	470	3.2e-53	205.7
SRS883113|63|k99_112852_3	gnl|TC-DB|Q9I5F5|2.A.21.2.3	48.9	499	245	2	1	494	1	494	1.7e-125	446.0
SRS883113|63|k99_112852_11	gnl|TC-DB|Q00758|2.A.66.2.14	27.3	516	370	4	5	518	6	518	4.0e-37	152.5
SRS883113|63|k99_113562_2	gnl|TC-DB|Q3ASG5|2.A.106.1.3	45.1	184	98	2	1	182	1	183	1.6e-44	175.6
SRS883113|63|k99_113562_3	gnl|TC-DB|A9BJX0|3.A.3.2.21	43.4	920	452	19	3	888	2	886	6.4e-184	641.0
SRS883113|63|k99_113562_7	gnl|TC-DB|Q9X103|3.A.1.1.22	48.4	366	175	4	1	352	3	368	1.4e-89	326.2
SRS883113|63|k99_113562_8	gnl|TC-DB|Q9WYR1|3.A.1.1.39	31.2	247	170	0	27	273	24	270	1.7e-34	142.9
SRS883113|63|k99_113562_9	gnl|TC-DB|Q9X9R6|3.A.1.1.23	26.3	285	193	5	9	280	20	300	1.1e-20	97.1
SRS883113|63|k99_113562_10	gnl|TC-DB|P0AG80|3.A.1.1.3	25.8	414	277	12	40	434	27	429	8.0e-31	131.3
SRS883113|63|k99_114398_8	gnl|TC-DB|G4NXA5|1.A.33.1.4	66.6	617	194	6	1	614	1	608	4.8e-223	770.4
SRS883113|63|k99_115305_9	gnl|TC-DB|Q7MV19|9.A.8.1.6	36.3	728	395	17	3	673	127	842	1.7e-115	413.3
SRS883113|63|k99_115305_12	gnl|TC-DB|Q8L725|2.A.4.7.2	29.5	302	192	4	19	301	80	379	2.6e-36	149.1
SRS883113|63|k99_118241_11	gnl|TC-DB|A8ALD3|2.A.49.5.5	34.2	392	234	8	44	418	84	468	1.7e-45	180.3
SRS883113|63|k99_120298_2	gnl|TC-DB|Q45068|2.A.25.1.5	51.4	467	215	7	3	467	4	460	4.5e-120	427.9
SRS883113|63|k99_120298_8	gnl|TC-DB|P0AD30|2.A.102.3.1	32.8	247	161	3	6	251	14	256	7.3e-32	134.0
SRS883113|63|k99_122198_4	gnl|TC-DB|P0AFV2|9.B.20.1.4	35.0	217	130	5	12	228	4	209	2.2e-27	119.0
SRS883113|63|k99_122780_3	gnl|TC-DB|Q8NB16|1.A.105.1.1	29.7	246	156	8	37	269	227	468	6.1e-19	92.4
SRS883113|63|k99_126599_7	gnl|TC-DB|J8IXD8|1.C.109.1.5	51.3	275	129	2	1	270	3	277	3.4e-72	268.1
SRS883113|63|k99_127750_9	gnl|TC-DB|Q8VRL2|3.A.11.1.3	41.5	135	79	0	4	138	2	136	8.2e-20	94.0
SRS883113|63|k99_128836_2	gnl|TC-DB|P0AA82|2.A.39.1.1	46.7	403	210	4	14	412	4	405	9.4e-90	327.0
SRS883113|63|k99_128836_11	gnl|TC-DB|Q9ZK21|1.C.82.1.1	52.2	226	107	1	1	225	1	226	1.2e-62	236.1
SRS883113|63|k99_131554_5	gnl|TC-DB|F2WVP9|2.A.1.60.3	41.8	79	46	0	10	88	296	374	3.1e-12	67.4
SRS883113|63|k99_131698_3	gnl|TC-DB|P04983|3.A.1.2.1	45.9	490	263	2	3	491	5	493	2.4e-124	442.2
SRS883113|63|k99_131698_4	gnl|TC-DB|A6VKS9|3.A.1.2.13	53.2	295	136	1	13	305	19	313	7.4e-79	290.4
SRS883113|63|k99_131698_5	gnl|TC-DB|A6VKT0|3.A.1.2.13	58.9	265	108	1	40	303	26	290	4.4e-84	307.8
SRS883113|63|k99_132665_7	gnl|TC-DB|E0NY51|4.D.2.1.4	45.0	322	176	1	3	323	2	323	1.9e-72	269.2
SRS883113|63|k99_132665_9	gnl|TC-DB|V5BTU4|9.B.142.2.8	31.9	360	226	6	4	348	8	363	5.8e-44	175.3
SRS883113|63|k99_133729_5	gnl|TC-DB|F4K2G0|3.D.1.8.1	55.2	143	56	5	40	175	103	244	6.8e-32	133.7
SRS883113|63|k99_133729_10	gnl|TC-DB|Q0PBV6|9.A.40.2.2	39.0	433	248	6	4	429	23	446	3.8e-81	298.5
SRS883113|63|k99_133729_14	gnl|TC-DB|Q7U617|2.A.53.3.2	24.2	479	338	6	58	516	52	525	2.5e-29	126.7
SRS883113|63|k99_133729_29	gnl|TC-DB|P25744|2.A.1.2.20	30.3	390	269	3	3	390	11	399	4.3e-47	185.3
SRS883113|63|k99_134297_11	gnl|TC-DB|Q5SKE6|2.A.6.4.3	37.9	425	212	8	11	388	6	425	3.4e-63	238.8
SRS883113|63|k99_134297_12	gnl|TC-DB|P0AG93|2.A.6.4.1	29.7	286	185	4	14	291	28	305	8.2e-35	144.1
SRS883113|63|k99_134297_14	gnl|TC-DB|O00571|1.I.1.1.3	35.9	384	212	7	2	357	179	556	8.2e-57	217.6
SRS883113|63|k99_135490_12	gnl|TC-DB|Q8EII1|2.A.25.1.4	60.3	436	169	3	5	439	7	439	3.5e-138	488.0
SRS883113|63|k99_136929_1	gnl|TC-DB|917585193|9.B.18.1.3	31.8	421	249	6	8	396	34	448	1.6e-44	176.8
SRS883113|63|k99_137243_7	gnl|TC-DB|Q57079|3.B.1.1.2	80.3	507	100	0	2	508	3	509	9.7e-246	845.5
SRS883113|63|k99_137243_10	gnl|TC-DB|Q9V0A7|3.B.1.1.5	48.6	387	174	2	17	380	15	399	1.2e-89	326.6
SRS883113|63|k99_137243_12	gnl|TC-DB|C6B3K0|2.A.101.1.2	30.3	472	280	11	1	448	1	447	1.2e-42	170.6
SRS883113|63|k99_137243_13	gnl|TC-DB|C6B3K0|2.A.101.1.2	28.5	452	284	9	1	433	1	432	9.4e-40	161.0
SRS883113|63|k99_139835_3	gnl|TC-DB|P42061|3.A.1.5.20	25.4	354	244	9	164	504	192	538	2.3e-21	100.1
SRS883113|63|k99_139835_11	gnl|TC-DB|B2A7R4|9.B.156.1.2	35.6	146	94	0	8	153	11	156	5.8e-19	90.5
SRS883113|63|k99_139835_12	gnl|TC-DB|D2YRH2|9.A.5.4.1	39.8	221	113	2	15	215	8	228	5.3e-39	157.5
SRS883113|63|k99_139840_5	gnl|TC-DB|F3LB58|2.A.98.1.4	54.3	337	146	5	4	333	4	339	1.4e-83	306.2
SRS883113|63|k99_142686_4	gnl|TC-DB|P34644|2.A.1.14.42	24.0	425	292	9	10	408	69	488	3.8e-22	102.4
SRS883113|63|k99_143307_3	gnl|TC-DB|Q8N1S5|2.A.5.5.2	41.9	339	117	5	11	273	8	342	2.3e-44	175.6
SRS883113|63|k99_143847_4	gnl|TC-DB|Q9K0M2|2.A.111.1.2	51.5	264	116	5	10	266	211	469	2.3e-65	245.4
