26	TC	2	5	CGC1	SRS883113|63|k99_64693	30515	32071	SRS883113|63|k99_64693_27	-	DB=gnl|TC-DB|Q83XH1|3.A.1.121.4;ID=SRS883113|63|k99_64693_27	DB=gnl|TC-DB|Q83XH1|3.A.1.121.4;ID=SRS883113|63|k99_64693_27
27	null	null	null	CGC1	SRS883113|63|k99_64693	32193	32660	SRS883113|63|k99_64693_28	+	;ID=SRS883113|63|k99_64693_28
28	null	null	null	CGC1	SRS883113|63|k99_64693	33078	33764	SRS883113|63|k99_64693_29	-	;ID=SRS883113|63|k99_64693_29
29	CAZyme	2	2	CGC1	SRS883113|63|k99_64693	33947	34927	SRS883113|63|k99_64693_30	+	DB=GH73;ID=SRS883113|63|k99_64693_30	DB=GH73;ID=SRS883113|63|k99_64693_30
30	null	null	null	CGC1	SRS883113|63|k99_64693	34932	35396	SRS883113|63|k99_64693_31	+	;ID=SRS883113|63|k99_64693_31
31	null	null	null	CGC1	SRS883113|63|k99_64693	35407	35766	SRS883113|63|k99_64693_32	+	;ID=SRS883113|63|k99_64693_32
32	TC	7	2	CGC1	SRS883113|63|k99_64693	35766	36536	SRS883113|63|k99_64693_33	+	DB=gnl|TC-DB|P94398|9.B.10.1.1;ID=SRS883113|63|k99_64693_33	DB=gnl|TC-DB|P94398|9.B.10.1.1;ID=SRS883113|63|k99_64693_33
+++++
10	CAZyme	1	null	CGC2	SRS883113|63|k99_103086	9079	10182	SRS883113|63|k99_103086_11	-	DB=GT28;ID=SRS883113|63|k99_103086_11	DB=GT28;ID=SRS883113|63|k99_103086_11
11	null	null	null	CGC2	SRS883113|63|k99_103086	10184	11542	SRS883113|63|k99_103086_12	-	;ID=SRS883113|63|k99_103086_12
12	TC	18	1	CGC2	SRS883113|63|k99_103086	11564	12523	SRS883113|63|k99_103086_13	-	DB=gnl|TC-DB|P0A6W3|9.B.146.1.6;ID=SRS883113|63|k99_103086_13	DB=gnl|TC-DB|P0A6W3|9.B.146.1.6;ID=SRS883113|63|k99_103086_13
+++++
18	CAZyme	0	7	CGC3	SRS883113|63|k99_107032	17832	20357	SRS883113|63|k99_107032_19	-	DB=GT30;ID=SRS883113|63|k99_107032_19	DB=GT30;ID=SRS883113|63|k99_107032_19
19	TC	0	0	CGC3	SRS883113|63|k99_107032	20367	22100	SRS883113|63|k99_107032_20	-	DB=gnl|TC-DB|Q9WYC4|3.A.1.135.5;ID=SRS883113|63|k99_107032_20	DB=gnl|TC-DB|Q9WYC4|3.A.1.135.5;ID=SRS883113|63|k99_107032_20
20	CAZyme	10	0	CGC3	SRS883113|63|k99_107032	22097	23233	SRS883113|63|k99_107032_21	-	DB=GT19;ID=SRS883113|63|k99_107032_21	DB=GT19;ID=SRS883113|63|k99_107032_21
+++++
1	TC	0	null	CGC4	SRS883113|63|k99_128836	1467	2705	SRS883113|63|k99_128836_2	-	DB=gnl|TC-DB|P0AA82|2.A.39.1.1;ID=SRS883113|63|k99_128836_2	DB=gnl|TC-DB|P0AA82|2.A.39.1.1;ID=SRS883113|63|k99_128836_2
2	CAZyme	7	0	CGC4	SRS883113|63|k99_128836	3156	3716	SRS883113|63|k99_128836_3	-	DB=GH23;ID=SRS883113|63|k99_128836_3	DB=GH23;ID=SRS883113|63|k99_128836_3
+++++
3	CAZyme	0	null	CGC5	SRS883113|63|k99_139840	3578	5653	SRS883113|63|k99_139840_4	-	DB=GT51;ID=SRS883113|63|k99_139840_4	DB=GT51;ID=SRS883113|63|k99_139840_4
4	TC	null	0	CGC5	SRS883113|63|k99_139840	5816	6817	SRS883113|63|k99_139840_5	-	DB=gnl|TC-DB|F3LB58|2.A.98.1.4;ID=SRS883113|63|k99_139840_5	DB=gnl|TC-DB|F3LB58|2.A.98.1.4;ID=SRS883113|63|k99_139840_5
+++++
