SRS883113|63|k99_4730_16	tr|Q7MMB6|Q7MMB6_VIBVY|AphA|MarR/SlyA	27.4	226	136	8	65	280	87	294	2.3e-13	67.8
SRS883113|63|k99_4730_20	tr|Q88RJ2|Q88RJ2_PSEPK|AauR|FIS	39.4	409	230	5	1	394	6	411	3.0e-76	276.6
SRS883113|63|k99_4730_25	E8VJL5|Spo0A	23.6	225	150	5	201	420	290	497	5.5e-12	63.2
SRS883113|63|k99_4730_26	tr|Q8DU28|Q8DU28_STRMU|CiaR|OmpR/PhoB	35.6	219	140	1	1	219	2	219	1.5e-40	157.1
SRS883113|63|k99_19980_16	tr|Q2FY73|Q2FY73_STAA8|Fur|Fur	35.6	135	82	2	11	140	12	146	6.3e-21	91.3
SRS883113|63|k99_37148_18	sp|Q81WK7|CODY_BACAN|CodY|CodY	55.5	256	111	2	1	254	1	255	1.0e-69	254.2
SRS883113|63|k99_37148_28	P39765|PyrR	60.5	177	68	1	6	180	3	179	1.4e-57	213.4
SRS883113|63|k99_48881_9	tr|F8G324|F8G324_PSEP6|CatR|LysR	31.9	144	96	2	1	144	1	142	1.7e-12	64.3
SRS883113|63|k99_49987_11	tr|Q74EF9|Q74EF9_GEOSL|GnfM|NtrC/DctD	31.4	293	179	5	287	573	109	385	4.3e-37	147.1
SRS883113|63|k99_58064_11	tr|F8G324|F8G324_PSEP6|CatR|LysR	30.8	185	125	3	1	185	1	182	1.8e-14	70.9
SRS883113|63|k99_58064_20	P35163|ResD	45.0	231	120	3	3	228	8	236	6.4e-55	204.9
SRS883113|63|k99_64693_51	O34835|YlpC	38.2	173	104	2	9	178	8	180	2.9e-24	102.8
SRS883113|63|k99_64694_5	P17869|SigH	72.6	197	54	0	13	209	15	211	2.3e-79	286.2
SRS883113|63|k99_64694_17	P37568|CtsR	47.4	76	40	0	3	78	4	79	1.1e-19	87.0
SRS883113|63|k99_65537_5	G4NVN1|CcpC	24.3	152	115	0	1	152	1	152	2.9e-12	63.5
SRS883113|63|k99_65800_17	O05268|FNR	32.1	312	197	10	4	303	6	314	7.9e-29	118.6
SRS883113|63|k99_66144_13	tr|A0A0H3K9R5|A0A0H3K9R5_STAAE|CsoR|CsoR	44.3	70	39	0	9	78	31	100	4.8e-14	67.8
SRS883113|63|k99_75018_3	tr|Q87Z28|Q87Z28_PSESM|CopR|CopY	46.1	219	117	1	1	219	1	218	3.2e-51	192.6
SRS883113|63|k99_93535_4	sp|P31080|LEXA_BACSU|LexA|LexA	55.0	200	88	2	19	217	4	202	3.7e-60	222.2
SRS883113|63|k99_98874_4	sp|Q2G282|PERR_STAA8|PerR|Fur	30.9	123	84	1	3	125	25	146	1.1e-19	87.0
SRS883113|63|k99_100946_7	P35163|ResD	47.6	233	119	2	2	231	5	237	1.3e-60	223.8
SRS883113|63|k99_100946_18	sp|P0ACU2|RUTR_ECOLI|RutR|TetR	23.4	214	150	5	9	215	3	209	2.4e-11	60.1
SRS883113|63|k99_103086_4	6024|ECK120005767|NrdR	47.6	147	77	0	1	147	1	147	4.7e-36	141.7
SRS883113|63|k99_103086_30	6011|ECK120005195|PhoB	43.2	220	123	1	2	219	5	224	4.3e-48	182.2
SRS883113|63|k99_103315_8	P05648|DnaA	45.0	478	221	3	5	475	3	445	8.9e-112	394.8
SRS883113|63|k99_108977_3	sp|P26275|ALGR_PSEAE|AlgR|LytR	35.9	117	72	3	4	118	1	116	7.8e-14	68.2
SRS883113|63|k99_113562_4	sp|O32238|YVAP_BACSU|CatR|LysR	35.2	91	58	1	10	99	7	97	1.7e-13	66.2
SRS883113|63|k99_114398_6	P25499|HrcA	34.1	340	221	2	1	338	1	339	1.8e-61	227.3
SRS883113|63|k99_126599_9	P17893|AhrC	44.3	140	73	2	11	148	3	139	4.8e-30	121.7
SRS883113|63|k99_139840_6	G4NXL6|YwfK	36.2	254	149	3	5	248	6	256	1.6e-36	144.1
SRS883113|63|k99_142686_3	tr|A0A0H3CCL0|A0A0H3CCL0_CAUCN|OxyR|LysR	26.8	194	139	2	3	196	6	196	8.2e-15	72.0
